[dotenv@17.2.3] injecting env (0) from .env -- tip: ✅ audit secrets and track compliance: https://dotenvx.com/ops
Running 217 tests using 6 workers

[[dotenv@17.2.3] injecting env (0) from .env -- tip: ⚙️  enable debug logging with { debug: true }

🔐 Setting up authentication for E2E tests...
   Email: kubiknyc@gmail.com
✅ Authentication successful

🌱 Seeding database with test data...

🌱 Seeding test database...
   User ID: b7f15635-5d79-44af-954f-d12689d7e7b6
   Company ID: 3c146527-62a9-4f4d-97db-c7546da9dfed

📁 Seeding projects...
  ✓ Project exists: Downtown Office Building
    → User already assigned
  ✓ Project exists: Residential Tower
    → User already assigned
  ✓ Project exists: Shopping Mall Renovation
    → User already assigned

👥 Seeding contacts...
  ✗ Failed to create contact: Could not find the 'company_id' column of 'contacts' in the schema cache
  ✗ Failed to create contact: Could not find the 'company_id' column of 'contacts' in the schema cache
  ✗ Failed to create contact: Could not find the 'company_id' column of 'contacts' in the schema cache

📋 Seeding checklist templates...
  ✗ Failed to create template: Could not find the 'is_active' column of 'checklist_templates' in the schema cache

✅ Database seeding completed

Summary:
  Projects created: 0
  Projects existed: 3
  Total projects: 3
  Contacts created: 0
  Contacts existed: 0
  Total contacts: 0

⚠️  Errors encountered: 3
    - Failed to create contact: Could not find the 'company_id' column of 'contacts' in the schema cache
    - Failed to create contact: Could not find the 'company_id' column of 'contacts' in the schema cache
    - Failed to create contact: Could not find the 'company_id' column of 'contacts' in the schema cache

🔍 Verifying test data...
  ✓ Found 6 project(s)
  ✓ User assigned to 6 project(s)
✅ Test data verification passed


✅ Test data seeding completed successfully

Test Environment Ready:
   User ID: b7f15635-5d79-44af-954f-d12689d7e7b6
   Company ID: 3c146527-62a9-4f4d-97db-c7546da9dfed
   Projects: 3
   Contacts: 0

✅ Setup complete, ready to run tests

  ok   1 [setup] › tests\e2e\auth.setup.ts:21:1 › authenticate (9.3s)
[dotenv@17.2.3] injecting env (0) from .env -- tip: ⚙️  specify custom .env file path with { path: '/custom/path/.env' }
[dotenv@17.2.3] injecting env (0) from .env -- tip: ⚙️  load multiple .env files with { path: ['.env.local', '.env'] }
[dotenv@17.2.3] injecting env (0) from .env -- tip: ✅ audit secrets and track compliance: https://dotenvx.com/ops
[dotenv@17.2.3] injecting env (0) from .env -- tip: 🔐 encrypt with Dotenvx: https://dotenvx.com
[dotenv@17.2.3] injecting env (0) from .env -- tip: 🔐 prevent committing .env to code: https://dotenvx.com/precommit
[dotenv@17.2.3] injecting env (0) from .env -- tip: ⚙️  enable debug logging with { debug: true }
  ok   3 [chromium] › tests\e2e\analytics.spec.ts:46:3 › Analytics › should navigate to project analytics (14.9s)
  x    8 [chromium] › tests\e2e\analytics.spec.ts:62:3 › Analytics › should show loading state (29.6s)
  x    7 [chromium] › tests\e2e\analytics.spec.ts:30:3 › Analytics › should show project description text (14.6s)
  x    4 [chromium] › tests\e2e\analytics.spec.ts:15:3 › Analytics › should display analytics page with heading (19.1s)
  x    6 [chromium] › tests\e2e\analytics.spec.ts:20:3 › Analytics › should show project selector when no project selected (15.2s)
  x    2 [chromium] › tests\e2e\analytics.spec.ts:25:3 › Analytics › should show analytics icon (40.3s)
  x    5 [chromium] › tests\e2e\analytics.spec.ts:35:3 › Analytics › should show project links when projects exist (12.9s)
[dotenv@17.2.3] injecting env (0) from .env -- tip: 🗂️ backup and recover secrets: https://dotenvx.com/ops
[dotenv@17.2.3] injecting env (0) from .env -- tip: 🛠️  run anywhere with `dotenvx run -- yourcommand`
[dotenv@17.2.3] injecting env (0) from .env -- tip: ⚙️  enable debug logging with { debug: true }
[dotenv@17.2.3] injecting env (0) from .env -- tip: ⚙️  suppress all logs with { quiet: true }
[dotenv@17.2.3] injecting env (0) from .env -- tip: ⚙️  enable debug logging with { debug: true }
[dotenv@17.2.3] injecting env (0) from .env -- tip: ⚙️  suppress all logs with { quiet: true }
  ok  10 [chromium] › tests\e2e\analytics.spec.ts:74:3 › Project Analytics › should show breadcrumb navigation on project analytics (17.2s)
  x   11 [chromium] › tests\e2e\reports.spec.ts:25:3 › Reports › should show Select Report card (17.6s)
[dotenv@17.2.3] injecting env (0) from .env -- tip: 🔑 add access controls to secrets: https://dotenvx.com/ops
  x   13 [chromium] › tests\e2e\reports.spec.ts:30:3 › Reports › should show report type dropdown (37.1s)
  x   12 [chromium] › tests\e2e\reports.spec.ts:15:3 › Reports › should display reports page with heading (27.7s)
[dotenv@17.2.3] injecting env (0) from .env -- tip: ⚙️  write to custom object with { processEnv: myObject }
[dotenv@17.2.3] injecting env (0) from .env -- tip: 🔐 prevent committing .env to code: https://dotenvx.com/precommit
  x   14 [chromium] › tests\e2e\reports.spec.ts:39:3 › Reports › should show project input (45.3s)
  x   15 [chromium] › tests\e2e\reports.spec.ts:48:3 › Reports › should show action buttons (33.6s)
  x    9 [chromium] › tests\e2e\reports.spec.ts:20:3 › Reports › should show page description (20.0s)
[dotenv@17.2.3] injecting env (0) from .env -- tip: ⚙️  specify custom .env file path with { path: '/custom/path/.env' }
[dotenv@17.2.3] injecting env (0) from .env -- tip: 🗂️ backup and recover secrets: https://dotenvx.com/ops
[dotenv@17.2.3] injecting env (0) from .env -- tip: 🔄 add secrets lifecycle management: https://dotenvx.com/ops
  x   16 [chromium] › tests\e2e\reports.spec.ts:62:3 › Reports › should show placeholder when no project selected (35.1s)
[dotenv@17.2.3] injecting env (0) from .env -- tip: 🗂️ backup and recover secrets: https://dotenvx.com/ops
  x   20 [chromium] › tests\e2e\reports.spec.ts:87:3 › Reports › should enable generate button when project entered (30.1s)
  x   17 [chromium] › tests\e2e\reports.spec.ts:67:3 › Reports › should have report type options (44.7s)
  x   19 [chromium] › tests\e2e\reports.spec.ts:100:3 › Reports › should show loading state (30.2s)
  x   18 [chromium] › tests\e2e\reports.spec.ts:77:3 › Reports › should change report type selection (40.9s)
  x   21 [firefox] › tests\e2e\analytics.spec.ts:15:3 › Analytics › should display analytics page with heading (26.2s)
[dotenv@17.2.3] injecting env (0) from .env -- tip: ⚙️  override existing env vars with { override: true }
[dotenv@17.2.3] injecting env (0) from .env -- tip: ⚙️  suppress all logs with { quiet: true }
[dotenv@17.2.3] injecting env (0) from .env -- tip: 🔐 encrypt with Dotenvx: https://dotenvx.com
[dotenv@17.2.3] injecting env (0) from .env -- tip: ⚙️  override existing env vars with { override: true }
[dotenv@17.2.3] injecting env (0) from .env -- tip: 📡 add observability to secrets: https://dotenvx.com/ops
  x   22 [firefox] › tests\e2e\analytics.spec.ts:20:3 › Analytics › should show project selector when no project selected (30.5s)
[dotenv@17.2.3] injecting env (0) from .env -- tip: 🔄 add secrets lifecycle management: https://dotenvx.com/ops
  x   26 [firefox] › tests\e2e\analytics.spec.ts:62:3 › Analytics › should show loading state (30.3s)
  x   25 [firefox] › tests\e2e\analytics.spec.ts:35:3 › Analytics › should show project links when projects exist (31.5s)
[dotenv@17.2.3] injecting env (0) from .env -- tip: 🔄 add secrets lifecycle management: https://dotenvx.com/ops
  x   27 [firefox] › tests\e2e\analytics.spec.ts:46:3 › Analytics › should navigate to project analytics (31.0s)
[dotenv@17.2.3] injecting env (0) from .env -- tip: ⚙️  enable debug logging with { debug: true }
[dotenv@17.2.3] injecting env (0) from .env -- tip: ⚙️  specify custom .env file path with { path: '/custom/path/.env' }
  x   23 [firefox] › tests\e2e\analytics.spec.ts:25:3 › Analytics › should show analytics icon (30.0s)
  ok  28 [firefox] › tests\e2e\analytics.spec.ts:74:3 › Project Analytics › should show breadcrumb navigation on project analytics (25.3s)
[dotenv@17.2.3] injecting env (0) from .env -- tip: 👥 sync secrets across teammates & machines: https://dotenvx.com/ops
  x   24 [firefox] › tests\e2e\analytics.spec.ts:30:3 › Analytics › should show project description text (30.0s)
[dotenv@17.2.3] injecting env (0) from .env -- tip: ⚙️  override existing env vars with { override: true }
  x   32 [firefox] › tests\e2e\reports.spec.ts:39:3 › Reports › should show project input (30.0s)
  x   30 [firefox] › tests\e2e\reports.spec.ts:25:3 › Reports › should show Select Report card (48.0s)
  x   31 [firefox] › tests\e2e\reports.spec.ts:20:3 › Reports › should show page description (44.1s)
  x   29 [firefox] › tests\e2e\reports.spec.ts:15:3 › Reports › should display reports page with heading (57.9s)
[dotenv@17.2.3] injecting env (0) from .env -- tip: 🔐 prevent committing .env to code: https://dotenvx.com/precommit
[dotenv@17.2.3] injecting env (0) from .env -- tip: ⚙️  write to custom object with { processEnv: myObject }
[dotenv@17.2.3] injecting env (0) from .env -- tip: 🛠️  run anywhere with `dotenvx run -- yourcommand`
[dotenv@17.2.3] injecting env (0) from .env -- tip: 🔐 prevent building .env in docker: https://dotenvx.com/prebuild
  x   33 [firefox] › tests\e2e\reports.spec.ts:30:3 › Reports › should show report type dropdown (30.0s)
  x   34 [firefox] › tests\e2e\reports.spec.ts:48:3 › Reports › should show action buttons (30.0s)
[dotenv@17.2.3] injecting env (0) from .env -- tip: 🔑 add access controls to secrets: https://dotenvx.com/ops
[dotenv@17.2.3] injecting env (0) from .env -- tip: ⚙️  write to custom object with { processEnv: myObject }
  x   40 [webkit] › tests\e2e\analytics.spec.ts:15:3 › Analytics › should display analytics page with heading (33.2s)
[dotenv@17.2.3] injecting env (0) from .env -- tip: ⚙️  specify custom .env file path with { path: '/custom/path/.env' }
  x   41 [webkit] › tests\e2e\analytics.spec.ts:20:3 › Analytics › should show project selector when no project selected (30.1s)
[dotenv@17.2.3] injecting env (0) from .env -- tip: ⚙️  write to custom object with { processEnv: myObject }
  x   42 [webkit] › tests\e2e\analytics.spec.ts:25:3 › Analytics › should show analytics icon (25.3s)
[dotenv@17.2.3] injecting env (0) from .env -- tip: ⚙️  write to custom object with { processEnv: myObject }
  x   43 [webkit] › tests\e2e\analytics.spec.ts:30:3 › Analytics › should show project description text (22.1s)
[dotenv@17.2.3] injecting env (0) from .env -- tip: ⚙️  override existing env vars with { override: true }
  x   44 [webkit] › tests\e2e\analytics.spec.ts:35:3 › Analytics › should show project links when projects exist (24.7s)
[dotenv@17.2.3] injecting env (0) from .env -- tip: 🔐 prevent building .env in docker: https://dotenvx.com/prebuild
  ok  45 [webkit] › tests\e2e\analytics.spec.ts:46:3 › Analytics › should navigate to project analytics (23.4s)
  x   46 [webkit] › tests\e2e\analytics.spec.ts:62:3 › Analytics › should show loading state (32.2s)
[dotenv@17.2.3] injecting env (0) from .env -- tip: ⚙️  override existing env vars with { override: true }
  ok  47 [webkit] › tests\e2e\analytics.spec.ts:74:3 › Project Analytics › should show breadcrumb navigation on project analytics (19.8s)
  x   48 [webkit] › tests\e2e\reports.spec.ts:15:3 › Reports › should display reports page with heading (31.9s)
[dotenv@17.2.3] injecting env (0) from .env -- tip: ⚙️  override existing env vars with { override: true }
  x   49 [webkit] › tests\e2e\reports.spec.ts:20:3 › Reports › should show page description (39.9s)
[dotenv@17.2.3] injecting env (0) from .env -- tip: ✅ audit secrets and track compliance: https://dotenvx.com/ops
  x   39 [firefox] › tests\e2e\reports.spec.ts:100:3 › Reports › should show loading state (2.7s)
  x   38 [firefox] › tests\e2e\reports.spec.ts:87:3 › Reports › should enable generate button when project entered (30.0s)
  x   50 [webkit] › tests\e2e\reports.spec.ts:25:3 › Reports › should show Select Report card (30.2s)
  x   36 [firefox] › tests\e2e\reports.spec.ts:62:3 › Reports › should show placeholder when no project selected (30.0s)
  x   35 [firefox] › tests\e2e\reports.spec.ts:67:3 › Reports › should have report type options (30.2s)
  x   37 [firefox] › tests\e2e\reports.spec.ts:77:3 › Reports › should change report type selection (30.1s)
[dotenv@17.2.3] injecting env (0) from .env -- tip: ⚙️  specify custom .env file path with { path: '/custom/path/.env' }
[dotenv@17.2.3] injecting env (0) from .env -- tip: 🔄 add secrets lifecycle management: https://dotenvx.com/ops
[dotenv@17.2.3] injecting env (0) from .env -- tip: 🔐 prevent building .env in docker: https://dotenvx.com/prebuild
[dotenv@17.2.3] injecting env (0) from .env -- tip: 🛠️  run anywhere with `dotenvx run -- yourcommand`
[dotenv@17.2.3] injecting env (0) from .env -- tip: 🔐 encrypt with Dotenvx: https://dotenvx.com
[dotenv@17.2.3] injecting env (0) from .env -- tip: ⚙️  suppress all logs with { quiet: true }
  x   51 [webkit] › tests\e2e\reports.spec.ts:30:3 › Reports › should show report type dropdown (30.2s)
  x   55 [webkit] › tests\e2e\reports.spec.ts:48:3 › Reports › should show action buttons (30.1s)
  x   54 [webkit] › tests\e2e\reports.spec.ts:39:3 › Reports › should show project input (30.3s)
  x   53 [webkit] › tests\e2e\reports.spec.ts:62:3 › Reports › should show placeholder when no project selected (39.8s)
  x   56 [webkit] › tests\e2e\reports.spec.ts:67:3 › Reports › should have report type options (30.3s)
  x   52 [webkit] › tests\e2e\reports.spec.ts:77:3 › Reports › should change report type selection (35.7s)
[dotenv@17.2.3] injecting env (0) from .env -- tip: 🛠️  run anywhere with `dotenvx run -- yourcommand`
[dotenv@17.2.3] injecting env (0) from .env -- tip: 🔐 encrypt with Dotenvx: https://dotenvx.com
[dotenv@17.2.3] injecting env (0) from .env -- tip: 🔄 add secrets lifecycle management: https://dotenvx.com/ops
[dotenv@17.2.3] injecting env (0) from .env -- tip: ✅ audit secrets and track compliance: https://dotenvx.com/ops
[dotenv@17.2.3] injecting env (0) from .env -- tip: 📡 add observability to secrets: https://dotenvx.com/ops
[dotenv@17.2.3] injecting env (0) from .env -- tip: ⚙️  write to custom object with { processEnv: myObject }
  x   57 [webkit] › tests\e2e\reports.spec.ts:87:3 › Reports › should enable generate button when project entered (41.6s)
  x   58 [webkit] › tests\e2e\reports.spec.ts:100:3 › Reports › should show loading state (40.9s)
[dotenv@17.2.3] injecting env (0) from .env -- tip: 🔐 encrypt with Dotenvx: https://dotenvx.com
[dotenv@17.2.3] injecting env (0) from .env -- tip: ✅ audit secrets and track compliance: https://dotenvx.com/ops
  x   60 [mobile-chrome] › tests\e2e\analytics.spec.ts:25:3 › Analytics › should show analytics icon (30.1s)
  ok  63 [mobile-chrome] › tests\e2e\analytics.spec.ts:46:3 › Analytics › should navigate to project analytics (31.4s)
[dotenv@17.2.3] injecting env (0) from .env -- tip: 👥 sync secrets across teammates & machines: https://dotenvx.com/ops
  ok  65 [mobile-chrome] › tests\e2e\analytics.spec.ts:74:3 › Project Analytics › should show breadcrumb navigation on project analytics (7.8s)
  x   61 [mobile-chrome] › tests\e2e\analytics.spec.ts:30:3 › Analytics › should show project description text (35.4s)
  x   64 [mobile-chrome] › tests\e2e\analytics.spec.ts:35:3 › Analytics › should show project links when projects exist (35.5s)
[dotenv@17.2.3] injecting env (0) from .env -- tip: ⚙️  specify custom .env file path with { path: '/custom/path/.env' }
[dotenv@17.2.3] injecting env (0) from .env -- tip: 🛠️  run anywhere with `dotenvx run -- yourcommand`
  x   62 [mobile-chrome] › tests\e2e\analytics.spec.ts:15:3 › Analytics › should display analytics page with heading (35.4s)
  x   59 [mobile-chrome] › tests\e2e\analytics.spec.ts:20:3 › Analytics › should show project selector when no project selected (33.7s)
[dotenv@17.2.3] injecting env (0) from .env -- tip: ✅ audit secrets and track compliance: https://dotenvx.com/ops
[dotenv@17.2.3] injecting env (0) from .env -- tip: 🛠️  run anywhere with `dotenvx run -- yourcommand`
  x   70 [mobile-chrome] › tests\e2e\reports.spec.ts:30:3 › Reports › should show report type dropdown (11.2s)
[dotenv@17.2.3] injecting env (0) from .env -- tip: 🔐 prevent building .env in docker: https://dotenvx.com/prebuild
  x   71 [mobile-chrome] › tests\e2e\reports.spec.ts:39:3 › Reports › should show project input (21.3s)
[dotenv@17.2.3] injecting env (0) from .env -- tip: ✅ audit secrets and track compliance: https://dotenvx.com/ops
  x   67 [mobile-chrome] › tests\e2e\reports.spec.ts:15:3 › Reports › should display reports page with heading (17.3s)
  x   66 [mobile-chrome] › tests\e2e\analytics.spec.ts:62:3 › Analytics › should show loading state (18.8s)
  x   72 [mobile-chrome] › tests\e2e\reports.spec.ts:48:3 › Reports › should show action buttons (11.6s)
[dotenv@17.2.3] injecting env (0) from .env -- tip: ⚙️  override existing env vars with { override: true }
[dotenv@17.2.3] injecting env (0) from .env -- tip: ⚙️  enable debug logging with { debug: true }
  x   68 [mobile-chrome] › tests\e2e\reports.spec.ts:20:3 › Reports › should show page description (19.2s)
  x   69 [mobile-chrome] › tests\e2e\reports.spec.ts:25:3 › Reports › should show Select Report card (15.8s)
[dotenv@17.2.3] injecting env (0) from .env -- tip: ⚙️  override existing env vars with { override: true }
[dotenv@17.2.3] injecting env (0) from .env -- tip: 🔐 prevent committing .env to code: https://dotenvx.com/precommit
[dotenv@17.2.3] injecting env (0) from .env -- tip: ⚙️  specify custom .env file path with { path: '/custom/path/.env' }
  x   73 [mobile-chrome] › tests\e2e\reports.spec.ts:62:3 › Reports › should show placeholder when no project selected (12.4s)
[dotenv@17.2.3] injecting env (0) from .env -- tip: ⚙️  write to custom object with { processEnv: myObject }
  x   77 [mobile-safari] › tests\e2e\analytics.spec.ts:15:3 › Analytics › should display analytics page with heading (38.7s)
  x   75 [mobile-chrome] › tests\e2e\reports.spec.ts:77:3 › Reports › should change report type selection (33.8s)
  x   79 [mobile-safari] › tests\e2e\analytics.spec.ts:20:3 › Analytics › should show project selector when no project selected (30.2s)
  x   76 [mobile-chrome] › tests\e2e\reports.spec.ts:87:3 › Reports › should enable generate button when project entered (28.5s)
[dotenv@17.2.3] injecting env (0) from .env -- tip: 🛠️  run anywhere with `dotenvx run -- yourcommand`
[dotenv@17.2.3] injecting env (0) from .env -- tip: ⚙️  override existing env vars with { override: true }
[dotenv@17.2.3] injecting env (0) from .env -- tip: 🛠️  run anywhere with `dotenvx run -- yourcommand`
[dotenv@17.2.3] injecting env (0) from .env -- tip: 👥 sync secrets across teammates & machines: https://dotenvx.com/ops
  x   74 [mobile-chrome] › tests\e2e\reports.spec.ts:67:3 › Reports › should have report type options (21.4s)
[dotenv@17.2.3] injecting env (0) from .env -- tip: 🔐 prevent committing .env to code: https://dotenvx.com/precommit
  ok  83 [mobile-safari] › tests\e2e\analytics.spec.ts:46:3 › Analytics › should navigate to project analytics (26.8s)
  x   81 [mobile-safari] › tests\e2e\analytics.spec.ts:30:3 › Analytics › should show project description text (31.3s)
  x   80 [mobile-safari] › tests\e2e\analytics.spec.ts:25:3 › Analytics › should show analytics icon (31.3s)
  x   82 [mobile-safari] › tests\e2e\analytics.spec.ts:35:3 › Analytics › should show project links when projects exist (31.6s)
[dotenv@17.2.3] injecting env (0) from .env -- tip: ⚙️  suppress all logs with { quiet: true }
[dotenv@17.2.3] injecting env (0) from .env -- tip: ⚙️  enable debug logging with { debug: true }
[dotenv@17.2.3] injecting env (0) from .env -- tip: 🔐 prevent building .env in docker: https://dotenvx.com/prebuild
  ok  85 [mobile-safari] › tests\e2e\analytics.spec.ts:74:3 › Project Analytics › should show breadcrumb navigation on project analytics (12.2s)
  x   84 [mobile-safari] › tests\e2e\analytics.spec.ts:62:3 › Analytics › should show loading state (28.1s)
  x   87 [mobile-safari] › tests\e2e\reports.spec.ts:20:3 › Reports › should show page description (20.8s)
  x   88 [mobile-safari] › tests\e2e\reports.spec.ts:25:3 › Reports › should show Select Report card (21.2s)
  x   86 [mobile-safari] › tests\e2e\reports.spec.ts:15:3 › Reports › should display reports page with heading (22.8s)
  x   89 [mobile-safari] › tests\e2e\reports.spec.ts:30:3 › Reports › should show report type dropdown (22.7s)
[dotenv@17.2.3] injecting env (0) from .env -- tip: ⚙️  specify custom .env file path with { path: '/custom/path/.env' }
[dotenv@17.2.3] injecting env (0) from .env -- tip: ⚙️  specify custom .env file path with { path: '/custom/path/.env' }
[dotenv@17.2.3] injecting env (0) from .env -- tip: ⚙️  specify custom .env file path with { path: '/custom/path/.env' }
[dotenv@17.2.3] injecting env (0) from .env -- tip: ✅ audit secrets and track compliance: https://dotenvx.com/ops
[dotenv@17.2.3] injecting env (0) from .env -- tip: 🔐 prevent building .env in docker: https://dotenvx.com/prebuild
  x   78 [mobile-chrome] › tests\e2e\reports.spec.ts:100:3 › Reports › should show loading state (34.7s)
[dotenv@17.2.3] injecting env (0) from .env -- tip: 📡 add observability to secrets: https://dotenvx.com/ops
  x   90 [mobile-safari] › tests\e2e\reports.spec.ts:39:3 › Reports › should show project input (20.1s)
  x   91 [mobile-safari] › tests\e2e\reports.spec.ts:48:3 › Reports › should show action buttons (19.9s)
  x   93 [mobile-safari] › tests\e2e\reports.spec.ts:67:3 › Reports › should have report type options (23.1s)
  x   92 [mobile-safari] › tests\e2e\reports.spec.ts:62:3 › Reports › should show placeholder when no project selected (24.7s)
  x   94 [mobile-safari] › tests\e2e\reports.spec.ts:77:3 › Reports › should change report type selection (23.9s)
[dotenv@17.2.3] injecting env (0) from .env -- tip: 🛠️  run anywhere with `dotenvx run -- yourcommand`
[dotenv@17.2.3] injecting env (0) from .env -- tip: ⚙️  specify custom .env file path with { path: '/custom/path/.env' }
[dotenv@17.2.3] injecting env (0) from .env -- tip: ⚙️  load multiple .env files with { path: ['.env.local', '.env'] }
  x   95 [mobile-safari] › tests\e2e\reports.spec.ts:87:3 › Reports › should enable generate button when project entered (22.3s)
[dotenv@17.2.3] injecting env (0) from .env -- tip: 🛠️  run anywhere with `dotenvx run -- yourcommand`
[dotenv@17.2.3] injecting env (0) from .env -- tip: 🔐 prevent building .env in docker: https://dotenvx.com/prebuild
[dotenv@17.2.3] injecting env (0) from .env -- tip: 🔐 prevent committing .env to code: https://dotenvx.com/precommit
  x   96 [mobile-safari] › tests\e2e\reports.spec.ts:100:3 › Reports › should show loading state (24.6s)
  x   97 [tablet] › tests\e2e\analytics.spec.ts:15:3 › Analytics › should display analytics page with heading (28.0s)
  x   98 [tablet] › tests\e2e\analytics.spec.ts:20:3 › Analytics › should show project selector when no project selected (31.0s)
[dotenv@17.2.3] injecting env (0) from .env -- tip: 🔑 add access controls to secrets: https://dotenvx.com/ops
  x   99 [tablet] › tests\e2e\analytics.spec.ts:25:3 › Analytics › should show analytics icon (32.9s)
  x  100 [tablet] › tests\e2e\analytics.spec.ts:30:3 › Analytics › should show project description text (32.9s)
[dotenv@17.2.3] injecting env (0) from .env -- tip: 🔑 add access controls to secrets: https://dotenvx.com/ops
  x  101 [tablet] › tests\e2e\analytics.spec.ts:35:3 › Analytics › should show project links when projects exist (26.6s)
[dotenv@17.2.3] injecting env (0) from .env -- tip: 👥 sync secrets across teammates & machines: https://dotenvx.com/ops
[dotenv@17.2.3] injecting env (0) from .env -- tip: 🗂️ backup and recover secrets: https://dotenvx.com/ops
[dotenv@17.2.3] injecting env (0) from .env -- tip: ⚙️  override existing env vars with { override: true }
[dotenv@17.2.3] injecting env (0) from .env -- tip: ⚙️  load multiple .env files with { path: ['.env.local', '.env'] }
  x  102 [tablet] › tests\e2e\analytics.spec.ts:46:3 › Analytics › should navigate to project analytics (31.4s)
  x  103 [tablet] › tests\e2e\analytics.spec.ts:62:3 › Analytics › should show loading state (34.2s)
  ok 104 [tablet] › tests\e2e\analytics.spec.ts:74:3 › Project Analytics › should show breadcrumb navigation on project analytics (27.0s)
  x  106 [tablet] › tests\e2e\reports.spec.ts:20:3 › Reports › should show page description (28.1s)
  x  105 [tablet] › tests\e2e\reports.spec.ts:15:3 › Reports › should display reports page with heading (32.1s)
[dotenv@17.2.3] injecting env (0) from .env -- tip: 👥 sync secrets across teammates & machines: https://dotenvx.com/ops
[dotenv@17.2.3] injecting env (0) from .env -- tip: 🗂️ backup and recover secrets: https://dotenvx.com/ops
[dotenv@17.2.3] injecting env (0) from .env -- tip: ⚙️  override existing env vars with { override: true }
[dotenv@17.2.3] injecting env (0) from .env -- tip: ✅ audit secrets and track compliance: https://dotenvx.com/ops
  x  108 [tablet] › tests\e2e\reports.spec.ts:48:3 › Reports › should show action buttons (20.2s)
  x  107 [tablet] › tests\e2e\reports.spec.ts:25:3 › Reports › should show Select Report card (34.0s)
[dotenv@17.2.3] injecting env (0) from .env -- tip: 🗂️ backup and recover secrets: https://dotenvx.com/ops
[dotenv@17.2.3] injecting env (0) from .env -- tip: 🔑 add access controls to secrets: https://dotenvx.com/ops
  x  110 [tablet] › tests\e2e\reports.spec.ts:30:3 › Reports › should show report type dropdown (19.7s)
  x  109 [tablet] › tests\e2e\reports.spec.ts:39:3 › Reports › should show project input (22.8s)
  x  111 [tablet] › tests\e2e\reports.spec.ts:62:3 › Reports › should show placeholder when no project selected (25.3s)
  x  112 [tablet] › tests\e2e\reports.spec.ts:67:3 › Reports › should have report type options (25.7s)
[dotenv@17.2.3] injecting env (0) from .env -- tip: 🗂️ backup and recover secrets: https://dotenvx.com/ops
  x  113 [tablet] › tests\e2e\reports.spec.ts:87:3 › Reports › should enable generate button when project entered (23.4s)
  x  114 [tablet] › tests\e2e\reports.spec.ts:77:3 › Reports › should change report type selection (30.1s)
  x  115 [tablet] › tests\e2e\reports.spec.ts:100:3 › Reports › should show loading state (30.3s)


  1) [chromium] › tests\e2e\analytics.spec.ts:15:3 › Analytics › should display analytics page with heading 

    Error: [2mexpect([22m[31mlocator[39m[2m).[22mtoBeVisible[2m([22m[2m)[22m failed

    Locator: locator('h1:has-text("Predictive Analytics")')
    Expected: visible
    Timeout: 10000ms
    Error: element(s) not found

    Call log:
    [2m  - Expect "toBeVisible" with timeout 10000ms[22m
    [2m  - waiting for locator('h1:has-text("Predictive Analytics")')[22m


      15 |   test('should display analytics page with heading', async ({ page }) => {
      16 |     // Check page heading
    > 17 |     await expect(page.locator('h1:has-text("Predictive Analytics")')).toBeVisible({ timeout: 10000 });
         |                                                                       ^
      18 |   });
      19 |
      20 |   test('should show project selector when no project selected', async ({ page }) => {
        at C:\Users\Eli\Documents\git\tests\e2e\analytics.spec.ts:17:71

    attachment #1: screenshot (image/png) ──────────────────────────────────────────────────────────
    test-results\analytics-Analytics-should-88c50-analytics-page-with-heading-chromium\test-failed-1.png
    ────────────────────────────────────────────────────────────────────────────────────────────────

    attachment #2: video (video/webm) ──────────────────────────────────────────────────────────────
    test-results\analytics-Analytics-should-88c50-analytics-page-with-heading-chromium\video.webm
    ────────────────────────────────────────────────────────────────────────────────────────────────

    Error Context: test-results\analytics-Analytics-should-88c50-analytics-page-with-heading-chromium\error-context.md

  2) [chromium] › tests\e2e\analytics.spec.ts:20:3 › Analytics › should show project selector when no project selected 

    Error: [2mexpect([22m[31mlocator[39m[2m).[22mtoBeVisible[2m([22m[2m)[22m failed

    Locator: locator('text="Select a Project"')
    Expected: visible
    Timeout: 5000ms
    Error: element(s) not found

    Call log:
    [2m  - Expect "toBeVisible" with timeout 5000ms[22m
    [2m  - waiting for locator('text="Select a Project"')[22m


      20 |   test('should show project selector when no project selected', async ({ page }) => {
      21 |     // Check for Select a Project heading
    > 22 |     await expect(page.locator('text="Select a Project"')).toBeVisible();
         |                                                           ^
      23 |   });
      24 |
      25 |   test('should show analytics icon', async ({ page }) => {
        at C:\Users\Eli\Documents\git\tests\e2e\analytics.spec.ts:22:59

    attachment #1: screenshot (image/png) ──────────────────────────────────────────────────────────
    test-results\analytics-Analytics-should-5e50b-or-when-no-project-selected-chromium\test-failed-1.png
    ────────────────────────────────────────────────────────────────────────────────────────────────

    attachment #2: video (video/webm) ──────────────────────────────────────────────────────────────
    test-results\analytics-Analytics-should-5e50b-or-when-no-project-selected-chromium\video.webm
    ────────────────────────────────────────────────────────────────────────────────────────────────

    Error Context: test-results\analytics-Analytics-should-5e50b-or-when-no-project-selected-chromium\error-context.md

  3) [chromium] › tests\e2e\analytics.spec.ts:25:3 › Analytics › should show analytics icon ────────

    [31mTest timeout of 30000ms exceeded while running "beforeEach" hook.[39m

       9 |   test.use({ storageState: 'tests/e2e/.auth/user.json' });
      10 |
    > 11 |   test.beforeEach(async ({ page }) => {
         |        ^
      12 |     await page.goto('/analytics', { waitUntil: 'networkidle' });
      13 |   });
      14 |
        at C:\Users\Eli\Documents\git\tests\e2e\analytics.spec.ts:11:8

    Error: page.goto: net::ERR_ABORTED; maybe frame was detached?
    Call log:
    [2m  - navigating to "http://localhost:5173/analytics", waiting until "networkidle"[22m


      10 |
      11 |   test.beforeEach(async ({ page }) => {
    > 12 |     await page.goto('/analytics', { waitUntil: 'networkidle' });
         |                ^
      13 |   });
      14 |
      15 |   test('should display analytics page with heading', async ({ page }) => {
        at C:\Users\Eli\Documents\git\tests\e2e\analytics.spec.ts:12:16

  4) [chromium] › tests\e2e\analytics.spec.ts:30:3 › Analytics › should show project description text 

    Error: [2mexpect([22m[31mlocator[39m[2m).[22mtoBeVisible[2m([22m[2m)[22m failed

    Locator: locator('text="Choose a project to view its predictive analytics dashboard"')
    Expected: visible
    Timeout: 5000ms
    Error: element(s) not found

    Call log:
    [2m  - Expect "toBeVisible" with timeout 5000ms[22m
    [2m  - waiting for locator('text="Choose a project to view its predictive analytics dashboard"')[22m


      30 |   test('should show project description text', async ({ page }) => {
      31 |     // Check for description
    > 32 |     await expect(page.locator('text="Choose a project to view its predictive analytics dashboard"')).toBeVisible();
         |                                                                                                      ^
      33 |   });
      34 |
      35 |   test('should show project links when projects exist', async ({ page }) => {
        at C:\Users\Eli\Documents\git\tests\e2e\analytics.spec.ts:32:102

    attachment #1: screenshot (image/png) ──────────────────────────────────────────────────────────
    test-results\analytics-Analytics-should-show-project-description-text-chromium\test-failed-1.png
    ────────────────────────────────────────────────────────────────────────────────────────────────

    attachment #2: video (video/webm) ──────────────────────────────────────────────────────────────
    test-results\analytics-Analytics-should-show-project-description-text-chromium\video.webm
    ────────────────────────────────────────────────────────────────────────────────────────────────

    Error Context: test-results\analytics-Analytics-should-show-project-description-text-chromium\error-context.md

  5) [chromium] › tests\e2e\analytics.spec.ts:35:3 › Analytics › should show project links when projects exist 

    Error: [2mexpect([22m[31mreceived[39m[2m).[22mtoBeTruthy[2m()[22m

    Received: [31mfalse[39m

      41 |     const hasNoProjects = await page.locator('text="No projects available"').isVisible({ timeout: 2000 }).catch(() => false);
      42 |
    > 43 |     expect(hasProjectLinks || hasNoProjects).toBeTruthy();
         |                                              ^
      44 |   });
      45 |
      46 |   test('should navigate to project analytics', async ({ page }) => {
        at C:\Users\Eli\Documents\git\tests\e2e\analytics.spec.ts:43:46

    attachment #1: screenshot (image/png) ──────────────────────────────────────────────────────────
    test-results\analytics-Analytics-should-de75b-t-links-when-projects-exist-chromium\test-failed-1.png
    ────────────────────────────────────────────────────────────────────────────────────────────────

    attachment #2: video (video/webm) ──────────────────────────────────────────────────────────────
    test-results\analytics-Analytics-should-de75b-t-links-when-projects-exist-chromium\video.webm
    ────────────────────────────────────────────────────────────────────────────────────────────────

    Error Context: test-results\analytics-Analytics-should-de75b-t-links-when-projects-exist-chromium\error-context.md

  6) [chromium] › tests\e2e\analytics.spec.ts:62:3 › Analytics › should show loading state ─────────

    Error: [2mexpect([22m[31mlocator[39m[2m).[22mtoBeVisible[2m([22m[2m)[22m failed

    Locator: locator('main, .container')
    Expected: visible
    Timeout: 10000ms
    Error: element(s) not found

    Call log:
    [2m  - Expect "toBeVisible" with timeout 10000ms[22m
    [2m  - waiting for locator('main, .container')[22m


      65 |
      66 |     // Either loading or content should appear
    > 67 |     await expect(page.locator('main, .container')).toBeVisible({ timeout: 10000 });
         |                                                    ^
      68 |   });
      69 | });
      70 |
        at C:\Users\Eli\Documents\git\tests\e2e\analytics.spec.ts:67:52

    attachment #1: video (video/webm) ──────────────────────────────────────────────────────────────
    test-results\analytics-Analytics-should-show-loading-state-chromium\video.webm
    ────────────────────────────────────────────────────────────────────────────────────────────────

    Error Context: test-results\analytics-Analytics-should-show-loading-state-chromium\error-context.md

  7) [chromium] › tests\e2e\reports.spec.ts:15:3 › Reports › should display reports page with heading 

    Error: [2mexpect([22m[31mlocator[39m[2m).[22mtoBeVisible[2m([22m[2m)[22m failed

    Locator: locator('h1:has-text("Reports & Analytics")')
    Expected: visible
    Timeout: 10000ms
    Error: element(s) not found

    Call log:
    [2m  - Expect "toBeVisible" with timeout 10000ms[22m
    [2m  - waiting for locator('h1:has-text("Reports & Analytics")')[22m


      15 |   test('should display reports page with heading', async ({ page }) => {
      16 |     // Check page heading
    > 17 |     await expect(page.locator('h1:has-text("Reports & Analytics")')).toBeVisible({ timeout: 10000 });
         |                                                                      ^
      18 |   });
      19 |
      20 |   test('should show page description', async ({ page }) => {
        at C:\Users\Eli\Documents\git\tests\e2e\reports.spec.ts:17:70

    attachment #1: screenshot (image/png) ──────────────────────────────────────────────────────────
    test-results\reports-Reports-should-display-reports-page-with-heading-chromium\test-failed-1.png
    ────────────────────────────────────────────────────────────────────────────────────────────────

    attachment #2: video (video/webm) ──────────────────────────────────────────────────────────────
    test-results\reports-Reports-should-display-reports-page-with-heading-chromium\video.webm
    ────────────────────────────────────────────────────────────────────────────────────────────────

    Error Context: test-results\reports-Reports-should-display-reports-page-with-heading-chromium\error-context.md

  8) [chromium] › tests\e2e\reports.spec.ts:20:3 › Reports › should show page description ──────────

    Error: [2mexpect([22m[31mlocator[39m[2m).[22mtoBeVisible[2m([22m[2m)[22m failed

    Locator: locator('text="Generate and view project reports"')
    Expected: visible
    Timeout: 5000ms
    Error: element(s) not found

    Call log:
    [2m  - Expect "toBeVisible" with timeout 5000ms[22m
    [2m  - waiting for locator('text="Generate and view project reports"')[22m


      20 |   test('should show page description', async ({ page }) => {
      21 |     // Check page description
    > 22 |     await expect(page.locator('text="Generate and view project reports"')).toBeVisible();
         |                                                                            ^
      23 |   });
      24 |
      25 |   test('should show Select Report card', async ({ page }) => {
        at C:\Users\Eli\Documents\git\tests\e2e\reports.spec.ts:22:76

    attachment #1: screenshot (image/png) ──────────────────────────────────────────────────────────
    test-results\reports-Reports-should-show-page-description-chromium\test-failed-1.png
    ────────────────────────────────────────────────────────────────────────────────────────────────

    Error Context: test-results\reports-Reports-should-show-page-description-chromium\error-context.md

  9) [chromium] › tests\e2e\reports.spec.ts:25:3 › Reports › should show Select Report card ────────

    Error: [2mexpect([22m[31mlocator[39m[2m).[22mtoBeVisible[2m([22m[2m)[22m failed

    Locator: locator('text="Select Report"')
    Expected: visible
    Timeout: 5000ms
    Error: element(s) not found

    Call log:
    [2m  - Expect "toBeVisible" with timeout 5000ms[22m
    [2m  - waiting for locator('text="Select Report"')[22m


      25 |   test('should show Select Report card', async ({ page }) => {
      26 |     // Check for Select Report heading
    > 27 |     await expect(page.locator('text="Select Report"')).toBeVisible();
         |                                                        ^
      28 |   });
      29 |
      30 |   test('should show report type dropdown', async ({ page }) => {
        at C:\Users\Eli\Documents\git\tests\e2e\reports.spec.ts:27:56

    attachment #1: screenshot (image/png) ──────────────────────────────────────────────────────────
    test-results\reports-Reports-should-show-Select-Report-card-chromium\test-failed-1.png
    ────────────────────────────────────────────────────────────────────────────────────────────────

    attachment #2: video (video/webm) ──────────────────────────────────────────────────────────────
    test-results\reports-Reports-should-show-Select-Report-card-chromium\video.webm
    ────────────────────────────────────────────────────────────────────────────────────────────────

    Error Context: test-results\reports-Reports-should-show-Select-Report-card-chromium\error-context.md

  10) [chromium] › tests\e2e\reports.spec.ts:30:3 › Reports › should show report type dropdown ─────

    [31mTest timeout of 30000ms exceeded while running "beforeEach" hook.[39m

       9 |   test.use({ storageState: 'tests/e2e/.auth/user.json' });
      10 |
    > 11 |   test.beforeEach(async ({ page }) => {
         |        ^
      12 |     await page.goto('/reports', { waitUntil: 'networkidle' });
      13 |   });
      14 |
        at C:\Users\Eli\Documents\git\tests\e2e\reports.spec.ts:11:8

    Error: page.goto: Test timeout of 30000ms exceeded.
    Call log:
    [2m  - navigating to "http://localhost:5173/reports", waiting until "networkidle"[22m


      10 |
      11 |   test.beforeEach(async ({ page }) => {
    > 12 |     await page.goto('/reports', { waitUntil: 'networkidle' });
         |                ^
      13 |   });
      14 |
      15 |   test('should display reports page with heading', async ({ page }) => {
        at C:\Users\Eli\Documents\git\tests\e2e\reports.spec.ts:12:16

    attachment #1: screenshot (image/png) ──────────────────────────────────────────────────────────
    test-results\reports-Reports-should-show-report-type-dropdown-chromium\test-failed-1.png
    ────────────────────────────────────────────────────────────────────────────────────────────────

    attachment #2: video (video/webm) ──────────────────────────────────────────────────────────────
    test-results\reports-Reports-should-show-report-type-dropdown-chromium\video.webm
    ────────────────────────────────────────────────────────────────────────────────────────────────

    Error Context: test-results\reports-Reports-should-show-report-type-dropdown-chromium\error-context.md

  11) [chromium] › tests\e2e\reports.spec.ts:39:3 › Reports › should show project input ────────────

    [31mTest timeout of 30000ms exceeded while running "beforeEach" hook.[39m

       9 |   test.use({ storageState: 'tests/e2e/.auth/user.json' });
      10 |
    > 11 |   test.beforeEach(async ({ page }) => {
         |        ^
      12 |     await page.goto('/reports', { waitUntil: 'networkidle' });
      13 |   });
      14 |
        at C:\Users\Eli\Documents\git\tests\e2e\reports.spec.ts:11:8

    TimeoutError: page.goto: Timeout 15000ms exceeded.
    Call log:
    [2m  - navigating to "http://localhost:5173/reports", waiting until "networkidle"[22m


      10 |
      11 |   test.beforeEach(async ({ page }) => {
    > 12 |     await page.goto('/reports', { waitUntil: 'networkidle' });
         |                ^
      13 |   });
      14 |
      15 |   test('should display reports page with heading', async ({ page }) => {
        at C:\Users\Eli\Documents\git\tests\e2e\reports.spec.ts:12:16

    attachment #1: video (video/webm) ──────────────────────────────────────────────────────────────
    test-results\reports-Reports-should-show-project-input-chromium\video.webm
    ────────────────────────────────────────────────────────────────────────────────────────────────

  12) [chromium] › tests\e2e\reports.spec.ts:48:3 › Reports › should show action buttons ───────────

    [31mTest timeout of 30000ms exceeded while running "beforeEach" hook.[39m

       9 |   test.use({ storageState: 'tests/e2e/.auth/user.json' });
      10 |
    > 11 |   test.beforeEach(async ({ page }) => {
         |        ^
      12 |     await page.goto('/reports', { waitUntil: 'networkidle' });
      13 |   });
      14 |
        at C:\Users\Eli\Documents\git\tests\e2e\reports.spec.ts:11:8

    Error: page.goto: Test timeout of 30000ms exceeded.
    Call log:
    [2m  - navigating to "http://localhost:5173/reports", waiting until "networkidle"[22m


      10 |
      11 |   test.beforeEach(async ({ page }) => {
    > 12 |     await page.goto('/reports', { waitUntil: 'networkidle' });
         |                ^
      13 |   });
      14 |
      15 |   test('should display reports page with heading', async ({ page }) => {
        at C:\Users\Eli\Documents\git\tests\e2e\reports.spec.ts:12:16

    attachment #1: screenshot (image/png) ──────────────────────────────────────────────────────────
    test-results\reports-Reports-should-show-action-buttons-chromium\test-failed-1.png
    ────────────────────────────────────────────────────────────────────────────────────────────────

    attachment #2: video (video/webm) ──────────────────────────────────────────────────────────────
    test-results\reports-Reports-should-show-action-buttons-chromium\video.webm
    ────────────────────────────────────────────────────────────────────────────────────────────────

    Error Context: test-results\reports-Reports-should-show-action-buttons-chromium\error-context.md

  13) [chromium] › tests\e2e\reports.spec.ts:62:3 › Reports › should show placeholder when no project selected 

    TimeoutError: page.goto: Timeout 15000ms exceeded.
    Call log:
    [2m  - navigating to "http://localhost:5173/reports", waiting until "networkidle"[22m


      10 |
      11 |   test.beforeEach(async ({ page }) => {
    > 12 |     await page.goto('/reports', { waitUntil: 'networkidle' });
         |                ^
      13 |   });
      14 |
      15 |   test('should display reports page with heading', async ({ page }) => {
        at C:\Users\Eli\Documents\git\tests\e2e\reports.spec.ts:12:16

    attachment #1: video (video/webm) ──────────────────────────────────────────────────────────────
    test-results\reports-Reports-should-sho-66d2f-er-when-no-project-selected-chromium\video.webm
    ────────────────────────────────────────────────────────────────────────────────────────────────

  14) [chromium] › tests\e2e\reports.spec.ts:67:3 › Reports › should have report type options ──────

    [31mTest timeout of 30000ms exceeded while running "beforeEach" hook.[39m

       9 |   test.use({ storageState: 'tests/e2e/.auth/user.json' });
      10 |
    > 11 |   test.beforeEach(async ({ page }) => {
         |        ^
      12 |     await page.goto('/reports', { waitUntil: 'networkidle' });
      13 |   });
      14 |
        at C:\Users\Eli\Documents\git\tests\e2e\reports.spec.ts:11:8

    TimeoutError: page.goto: Timeout 15000ms exceeded.
    Call log:
    [2m  - navigating to "http://localhost:5173/reports", waiting until "networkidle"[22m


      10 |
      11 |   test.beforeEach(async ({ page }) => {
    > 12 |     await page.goto('/reports', { waitUntil: 'networkidle' });
         |                ^
      13 |   });
      14 |
      15 |   test('should display reports page with heading', async ({ page }) => {
        at C:\Users\Eli\Documents\git\tests\e2e\reports.spec.ts:12:16

    attachment #1: screenshot (image/png) ──────────────────────────────────────────────────────────
    test-results\reports-Reports-should-have-report-type-options-chromium\test-failed-1.png
    ────────────────────────────────────────────────────────────────────────────────────────────────

    Error Context: test-results\reports-Reports-should-have-report-type-options-chromium\error-context.md

  15) [chromium] › tests\e2e\reports.spec.ts:77:3 › Reports › should change report type selection ──

    TimeoutError: page.goto: Timeout 15000ms exceeded.
    Call log:
    [2m  - navigating to "http://localhost:5173/reports", waiting until "networkidle"[22m


      10 |
      11 |   test.beforeEach(async ({ page }) => {
    > 12 |     await page.goto('/reports', { waitUntil: 'networkidle' });
         |                ^
      13 |   });
      14 |
      15 |   test('should display reports page with heading', async ({ page }) => {
        at C:\Users\Eli\Documents\git\tests\e2e\reports.spec.ts:12:16

    attachment #1: screenshot (image/png) ──────────────────────────────────────────────────────────
    test-results\reports-Reports-should-change-report-type-selection-chromium\test-failed-1.png
    ────────────────────────────────────────────────────────────────────────────────────────────────

    Error Context: test-results\reports-Reports-should-change-report-type-selection-chromium\error-context.md

  16) [chromium] › tests\e2e\reports.spec.ts:87:3 › Reports › should enable generate button when project entered 

    [31mTest timeout of 30000ms exceeded while running "beforeEach" hook.[39m

       9 |   test.use({ storageState: 'tests/e2e/.auth/user.json' });
      10 |
    > 11 |   test.beforeEach(async ({ page }) => {
         |        ^
      12 |     await page.goto('/reports', { waitUntil: 'networkidle' });
      13 |   });
      14 |
        at C:\Users\Eli\Documents\git\tests\e2e\reports.spec.ts:11:8

    Error: browserContext.newPage: Test timeout of 30000ms exceeded.

  17) [chromium] › tests\e2e\reports.spec.ts:100:3 › Reports › should show loading state ───────────

    [31mTest timeout of 30000ms exceeded while running "beforeEach" hook.[39m

       9 |   test.use({ storageState: 'tests/e2e/.auth/user.json' });
      10 |
    > 11 |   test.beforeEach(async ({ page }) => {
         |        ^
      12 |     await page.goto('/reports', { waitUntil: 'networkidle' });
      13 |   });
      14 |
        at C:\Users\Eli\Documents\git\tests\e2e\reports.spec.ts:11:8

    Error: browserContext.newPage: Test timeout of 30000ms exceeded.

  18) [firefox] › tests\e2e\analytics.spec.ts:15:3 › Analytics › should display analytics page with heading 

    Error: page.goto: NS_ERROR_CONNECTION_REFUSED
    Call log:
    [2m  - navigating to "http://localhost:5173/analytics", waiting until "networkidle"[22m


      10 |
      11 |   test.beforeEach(async ({ page }) => {
    > 12 |     await page.goto('/analytics', { waitUntil: 'networkidle' });
         |                ^
      13 |   });
      14 |
      15 |   test('should display analytics page with heading', async ({ page }) => {
        at C:\Users\Eli\Documents\git\tests\e2e\analytics.spec.ts:12:16

    attachment #1: screenshot (image/png) ──────────────────────────────────────────────────────────
    test-results\analytics-Analytics-should-88c50-analytics-page-with-heading-firefox\test-failed-1.png
    ────────────────────────────────────────────────────────────────────────────────────────────────

    Error Context: test-results\analytics-Analytics-should-88c50-analytics-page-with-heading-firefox\error-context.md

  19) [firefox] › tests\e2e\analytics.spec.ts:20:3 › Analytics › should show project selector when no project selected 

    [31mTest timeout of 30000ms exceeded while running "beforeEach" hook.[39m

       9 |   test.use({ storageState: 'tests/e2e/.auth/user.json' });
      10 |
    > 11 |   test.beforeEach(async ({ page }) => {
         |        ^
      12 |     await page.goto('/analytics', { waitUntil: 'networkidle' });
      13 |   });
      14 |
        at C:\Users\Eli\Documents\git\tests\e2e\analytics.spec.ts:11:8

    Error: browserContext.newPage: Test timeout of 30000ms exceeded.

  20) [firefox] › tests\e2e\analytics.spec.ts:25:3 › Analytics › should show analytics icon ────────

    [31mTest timeout of 30000ms exceeded while running "beforeEach" hook.[39m

       9 |   test.use({ storageState: 'tests/e2e/.auth/user.json' });
      10 |
    > 11 |   test.beforeEach(async ({ page }) => {
         |        ^
      12 |     await page.goto('/analytics', { waitUntil: 'networkidle' });
      13 |   });
      14 |
        at C:\Users\Eli\Documents\git\tests\e2e\analytics.spec.ts:11:8

    Error: browser.newContext: Test ended.

  21) [firefox] › tests\e2e\analytics.spec.ts:30:3 › Analytics › should show project description text 

    [31mTest timeout of 30000ms exceeded while running "beforeEach" hook.[39m

       9 |   test.use({ storageState: 'tests/e2e/.auth/user.json' });
      10 |
    > 11 |   test.beforeEach(async ({ page }) => {
         |        ^
      12 |     await page.goto('/analytics', { waitUntil: 'networkidle' });
      13 |   });
      14 |
        at C:\Users\Eli\Documents\git\tests\e2e\analytics.spec.ts:11:8

    Error: browser.newContext: Test ended.
    Call log:
    [2m  - navigating to "http://localhost:5173", waiting until "load"[22m


  22) [firefox] › tests\e2e\analytics.spec.ts:35:3 › Analytics › should show project links when projects exist 

    [31mTest timeout of 30000ms exceeded while running "beforeEach" hook.[39m

       9 |   test.use({ storageState: 'tests/e2e/.auth/user.json' });
      10 |
    > 11 |   test.beforeEach(async ({ page }) => {
         |        ^
      12 |     await page.goto('/analytics', { waitUntil: 'networkidle' });
      13 |   });
      14 |
        at C:\Users\Eli\Documents\git\tests\e2e\analytics.spec.ts:11:8

    Error: browser.newContext: Test ended.

  23) [firefox] › tests\e2e\analytics.spec.ts:46:3 › Analytics › should navigate to project analytics 

    [31mTest timeout of 30000ms exceeded while running "beforeEach" hook.[39m

       9 |   test.use({ storageState: 'tests/e2e/.auth/user.json' });
      10 |
    > 11 |   test.beforeEach(async ({ page }) => {
         |        ^
      12 |     await page.goto('/analytics', { waitUntil: 'networkidle' });
      13 |   });
      14 |
        at C:\Users\Eli\Documents\git\tests\e2e\analytics.spec.ts:11:8

    Error: browser.newContext: Test ended.

  24) [firefox] › tests\e2e\analytics.spec.ts:62:3 › Analytics › should show loading state ─────────

    [31mTest timeout of 30000ms exceeded while running "beforeEach" hook.[39m

       9 |   test.use({ storageState: 'tests/e2e/.auth/user.json' });
      10 |
    > 11 |   test.beforeEach(async ({ page }) => {
         |        ^
      12 |     await page.goto('/analytics', { waitUntil: 'networkidle' });
      13 |   });
      14 |
        at C:\Users\Eli\Documents\git\tests\e2e\analytics.spec.ts:11:8

    Error: browser.newContext: Test ended.

  25) [firefox] › tests\e2e\reports.spec.ts:15:3 › Reports › should display reports page with heading 

    Error: [2mexpect([22m[31mlocator[39m[2m).[22mtoBeVisible[2m([22m[2m)[22m failed

    Locator: locator('h1:has-text("Reports & Analytics")')
    Expected: visible
    Timeout: 10000ms
    Error: element(s) not found

    Call log:
    [2m  - Expect "toBeVisible" with timeout 10000ms[22m
    [2m  - waiting for locator('h1:has-text("Reports & Analytics")')[22m


      15 |   test('should display reports page with heading', async ({ page }) => {
      16 |     // Check page heading
    > 17 |     await expect(page.locator('h1:has-text("Reports & Analytics")')).toBeVisible({ timeout: 10000 });
         |                                                                      ^
      18 |   });
      19 |
      20 |   test('should show page description', async ({ page }) => {
        at C:\Users\Eli\Documents\git\tests\e2e\reports.spec.ts:17:70

    attachment #1: screenshot (image/png) ──────────────────────────────────────────────────────────
    test-results\reports-Reports-should-display-reports-page-with-heading-firefox\test-failed-1.png
    ────────────────────────────────────────────────────────────────────────────────────────────────

    attachment #2: video (video/webm) ──────────────────────────────────────────────────────────────
    test-results\reports-Reports-should-display-reports-page-with-heading-firefox\video.webm
    ────────────────────────────────────────────────────────────────────────────────────────────────

  26) [firefox] › tests\e2e\reports.spec.ts:20:3 › Reports › should show page description ──────────

    [31mTest timeout of 30000ms exceeded while running "beforeEach" hook.[39m

       9 |   test.use({ storageState: 'tests/e2e/.auth/user.json' });
      10 |
    > 11 |   test.beforeEach(async ({ page }) => {
         |        ^
      12 |     await page.goto('/reports', { waitUntil: 'networkidle' });
      13 |   });
      14 |
        at C:\Users\Eli\Documents\git\tests\e2e\reports.spec.ts:11:8

    Error: browserContext.newPage: Test timeout of 30000ms exceeded.

  27) [firefox] › tests\e2e\reports.spec.ts:25:3 › Reports › should show Select Report card ────────

    [31mTest timeout of 30000ms exceeded while running "beforeEach" hook.[39m

       9 |   test.use({ storageState: 'tests/e2e/.auth/user.json' });
      10 |
    > 11 |   test.beforeEach(async ({ page }) => {
         |        ^
      12 |     await page.goto('/reports', { waitUntil: 'networkidle' });
      13 |   });
      14 |
        at C:\Users\Eli\Documents\git\tests\e2e\reports.spec.ts:11:8

    Error: browserContext.newPage: Test timeout of 30000ms exceeded.

  28) [firefox] › tests\e2e\reports.spec.ts:30:3 › Reports › should show report type dropdown ──────

    [31mTest timeout of 30000ms exceeded while running "beforeEach" hook.[39m

       9 |   test.use({ storageState: 'tests/e2e/.auth/user.json' });
      10 |
    > 11 |   test.beforeEach(async ({ page }) => {
         |        ^
      12 |     await page.goto('/reports', { waitUntil: 'networkidle' });
      13 |   });
      14 |
        at C:\Users\Eli\Documents\git\tests\e2e\reports.spec.ts:11:8

    Error: browser.newContext: Test ended.
    Call log:
    [2m  - navigating to "http://localhost:5173", waiting until "load"[22m


  29) [firefox] › tests\e2e\reports.spec.ts:39:3 › Reports › should show project input ─────────────

    [31mTest timeout of 30000ms exceeded while running "beforeEach" hook.[39m

       9 |   test.use({ storageState: 'tests/e2e/.auth/user.json' });
      10 |
    > 11 |   test.beforeEach(async ({ page }) => {
         |        ^
      12 |     await page.goto('/reports', { waitUntil: 'networkidle' });
      13 |   });
      14 |
        at C:\Users\Eli\Documents\git\tests\e2e\reports.spec.ts:11:8

    Error: browser.newContext: Test ended.

  30) [firefox] › tests\e2e\reports.spec.ts:48:3 › Reports › should show action buttons ────────────

    [31mTest timeout of 30000ms exceeded while running "beforeEach" hook.[39m

       9 |   test.use({ storageState: 'tests/e2e/.auth/user.json' });
      10 |
    > 11 |   test.beforeEach(async ({ page }) => {
         |        ^
      12 |     await page.goto('/reports', { waitUntil: 'networkidle' });
      13 |   });
      14 |
        at C:\Users\Eli\Documents\git\tests\e2e\reports.spec.ts:11:8

    Error: browser.newContext: Test ended.
    Call log:
    [2m  - navigating to "http://localhost:5173", waiting until "load"[22m


  31) [firefox] › tests\e2e\reports.spec.ts:62:3 › Reports › should show placeholder when no project selected 

    [31mTest timeout of 30000ms exceeded while running "beforeEach" hook.[39m

       9 |   test.use({ storageState: 'tests/e2e/.auth/user.json' });
      10 |
    > 11 |   test.beforeEach(async ({ page }) => {
         |        ^
      12 |     await page.goto('/reports', { waitUntil: 'networkidle' });
      13 |   });
      14 |
        at C:\Users\Eli\Documents\git\tests\e2e\reports.spec.ts:11:8

    Error: browser.newContext: Test ended.

  32) [firefox] › tests\e2e\reports.spec.ts:67:3 › Reports › should have report type options ───────

    [31mTest timeout of 30000ms exceeded while running "beforeEach" hook.[39m

       9 |   test.use({ storageState: 'tests/e2e/.auth/user.json' });
      10 |
    > 11 |   test.beforeEach(async ({ page }) => {
         |        ^
      12 |     await page.goto('/reports', { waitUntil: 'networkidle' });
      13 |   });
      14 |
        at C:\Users\Eli\Documents\git\tests\e2e\reports.spec.ts:11:8

    Error: browser.newContext: Test ended.
    Call log:
    [2m  - navigating to "http://localhost:5173", waiting until "load"[22m


  33) [firefox] › tests\e2e\reports.spec.ts:77:3 › Reports › should change report type selection ───

    [31mTest timeout of 30000ms exceeded while running "beforeEach" hook.[39m

       9 |   test.use({ storageState: 'tests/e2e/.auth/user.json' });
      10 |
    > 11 |   test.beforeEach(async ({ page }) => {
         |        ^
      12 |     await page.goto('/reports', { waitUntil: 'networkidle' });
      13 |   });
      14 |
        at C:\Users\Eli\Documents\git\tests\e2e\reports.spec.ts:11:8

    Error: browser.newContext: Test ended.
    Call log:
    [2m  - navigating to "http://localhost:5173", waiting until "load"[22m


  34) [firefox] › tests\e2e\reports.spec.ts:87:3 › Reports › should enable generate button when project entered 

    [31mTest timeout of 30000ms exceeded while running "beforeEach" hook.[39m

       9 |   test.use({ storageState: 'tests/e2e/.auth/user.json' });
      10 |
    > 11 |   test.beforeEach(async ({ page }) => {
         |        ^
      12 |     await page.goto('/reports', { waitUntil: 'networkidle' });
      13 |   });
      14 |
        at C:\Users\Eli\Documents\git\tests\e2e\reports.spec.ts:11:8

    Error: browser.newContext: Test ended.

  35) [firefox] › tests\e2e\reports.spec.ts:100:3 › Reports › should show loading state ────────────

    TimeoutError: browserType.launch: Timeout 180000ms exceeded.
    Call log:
    [2m  - <launching> C:\Users\Eli\AppData\Local\ms-playwright\firefox-1497\firefox\firefox.exe -no-remote -headless -profile C:\Users\Eli\AppData\Local\Temp\playwright_firefoxdev_profile-3bUIG5 -juggler-pipe -silent[22m
    [2m  - <launched> pid=62376[22m


  36) [webkit] › tests\e2e\analytics.spec.ts:15:3 › Analytics › should display analytics page with heading 

    [31mTest timeout of 30000ms exceeded.[39m

    Error: [2mexpect([22m[31mlocator[39m[2m).[22mtoBeVisible[2m([22m[2m)[22m failed

    Locator: locator('h1:has-text("Predictive Analytics")')
    Expected: visible
    Timeout: 10000ms
    Error: element(s) not found

    Call log:
    [2m  - Expect "toBeVisible" with timeout 10000ms[22m
    [2m  - waiting for locator('h1:has-text("Predictive Analytics")')[22m


      15 |   test('should display analytics page with heading', async ({ page }) => {
      16 |     // Check page heading
    > 17 |     await expect(page.locator('h1:has-text("Predictive Analytics")')).toBeVisible({ timeout: 10000 });
         |                                                                       ^
      18 |   });
      19 |
      20 |   test('should show project selector when no project selected', async ({ page }) => {
        at C:\Users\Eli\Documents\git\tests\e2e\analytics.spec.ts:17:71

    attachment #1: screenshot (image/png) ──────────────────────────────────────────────────────────
    test-results\analytics-Analytics-should-88c50-analytics-page-with-heading-webkit\test-failed-1.png
    ────────────────────────────────────────────────────────────────────────────────────────────────

    attachment #2: video (video/webm) ──────────────────────────────────────────────────────────────
    test-results\analytics-Analytics-should-88c50-analytics-page-with-heading-webkit\video.webm
    ────────────────────────────────────────────────────────────────────────────────────────────────

    Error Context: test-results\analytics-Analytics-should-88c50-analytics-page-with-heading-webkit\error-context.md

  37) [webkit] › tests\e2e\analytics.spec.ts:20:3 › Analytics › should show project selector when no project selected 

    TimeoutError: page.goto: Timeout 15000ms exceeded.
    Call log:
    [2m  - navigating to "http://localhost:5173/analytics", waiting until "networkidle"[22m


      10 |
      11 |   test.beforeEach(async ({ page }) => {
    > 12 |     await page.goto('/analytics', { waitUntil: 'networkidle' });
         |                ^
      13 |   });
      14 |
      15 |   test('should display analytics page with heading', async ({ page }) => {
        at C:\Users\Eli\Documents\git\tests\e2e\analytics.spec.ts:12:16

    attachment #1: screenshot (image/png) ──────────────────────────────────────────────────────────
    test-results\analytics-Analytics-should-5e50b-or-when-no-project-selected-webkit\test-failed-1.png
    ────────────────────────────────────────────────────────────────────────────────────────────────

    attachment #2: video (video/webm) ──────────────────────────────────────────────────────────────
    test-results\analytics-Analytics-should-5e50b-or-when-no-project-selected-webkit\video.webm
    ────────────────────────────────────────────────────────────────────────────────────────────────

  38) [webkit] › tests\e2e\analytics.spec.ts:25:3 › Analytics › should show analytics icon ─────────

    Error: [2mexpect([22m[31mlocator[39m[2m).[22mtoBeVisible[2m([22m[2m)[22m failed

    Locator: locator('text="📊"')
    Expected: visible
    Timeout: 5000ms
    Error: element(s) not found

    Call log:
    [2m  - Expect "toBeVisible" with timeout 5000ms[22m
    [2m  - waiting for locator('text="📊"')[22m


      25 |   test('should show analytics icon', async ({ page }) => {
      26 |     // Check for analytics icon (emoji)
    > 27 |     await expect(page.locator('text="📊"')).toBeVisible();
         |                                             ^
      28 |   });
      29 |
      30 |   test('should show project description text', async ({ page }) => {
        at C:\Users\Eli\Documents\git\tests\e2e\analytics.spec.ts:27:45

    attachment #1: screenshot (image/png) ──────────────────────────────────────────────────────────
    test-results\analytics-Analytics-should-show-analytics-icon-webkit\test-failed-1.png
    ────────────────────────────────────────────────────────────────────────────────────────────────

    attachment #2: video (video/webm) ──────────────────────────────────────────────────────────────
    test-results\analytics-Analytics-should-show-analytics-icon-webkit\video.webm
    ────────────────────────────────────────────────────────────────────────────────────────────────

    Error Context: test-results\analytics-Analytics-should-show-analytics-icon-webkit\error-context.md

  39) [webkit] › tests\e2e\analytics.spec.ts:30:3 › Analytics › should show project description text 

    Error: [2mexpect([22m[31mlocator[39m[2m).[22mtoBeVisible[2m([22m[2m)[22m failed

    Locator: locator('text="Choose a project to view its predictive analytics dashboard"')
    Expected: visible
    Timeout: 5000ms
    Error: element(s) not found

    Call log:
    [2m  - Expect "toBeVisible" with timeout 5000ms[22m
    [2m  - waiting for locator('text="Choose a project to view its predictive analytics dashboard"')[22m


      30 |   test('should show project description text', async ({ page }) => {
      31 |     // Check for description
    > 32 |     await expect(page.locator('text="Choose a project to view its predictive analytics dashboard"')).toBeVisible();
         |                                                                                                      ^
      33 |   });
      34 |
      35 |   test('should show project links when projects exist', async ({ page }) => {
        at C:\Users\Eli\Documents\git\tests\e2e\analytics.spec.ts:32:102

    attachment #1: screenshot (image/png) ──────────────────────────────────────────────────────────
    test-results\analytics-Analytics-should-show-project-description-text-webkit\test-failed-1.png
    ────────────────────────────────────────────────────────────────────────────────────────────────

    attachment #2: video (video/webm) ──────────────────────────────────────────────────────────────
    test-results\analytics-Analytics-should-show-project-description-text-webkit\video.webm
    ────────────────────────────────────────────────────────────────────────────────────────────────

    Error Context: test-results\analytics-Analytics-should-show-project-description-text-webkit\error-context.md

  40) [webkit] › tests\e2e\analytics.spec.ts:35:3 › Analytics › should show project links when projects exist 

    Error: [2mexpect([22m[31mreceived[39m[2m).[22mtoBeTruthy[2m()[22m

    Received: [31mfalse[39m

      41 |     const hasNoProjects = await page.locator('text="No projects available"').isVisible({ timeout: 2000 }).catch(() => false);
      42 |
    > 43 |     expect(hasProjectLinks || hasNoProjects).toBeTruthy();
         |                                              ^
      44 |   });
      45 |
      46 |   test('should navigate to project analytics', async ({ page }) => {
        at C:\Users\Eli\Documents\git\tests\e2e\analytics.spec.ts:43:46

    attachment #1: video (video/webm) ──────────────────────────────────────────────────────────────
    test-results\analytics-Analytics-should-de75b-t-links-when-projects-exist-webkit\video.webm
    ────────────────────────────────────────────────────────────────────────────────────────────────

  41) [webkit] › tests\e2e\analytics.spec.ts:62:3 › Analytics › should show loading state ──────────

    [31mTest timeout of 30000ms exceeded.[39m

    Error: [2mexpect([22m[31mlocator[39m[2m).[22mtoBeVisible[2m([22m[2m)[22m failed

    Locator: locator('main, .container')
    Expected: visible
    Error: element(s) not found

    Call log:
    [2m  - Expect "toBeVisible" with timeout 10000ms[22m
    [2m  - waiting for locator('main, .container')[22m


      65 |
      66 |     // Either loading or content should appear
    > 67 |     await expect(page.locator('main, .container')).toBeVisible({ timeout: 10000 });
         |                                                    ^
      68 |   });
      69 | });
      70 |
        at C:\Users\Eli\Documents\git\tests\e2e\analytics.spec.ts:67:52

    attachment #1: screenshot (image/png) ──────────────────────────────────────────────────────────
    test-results\analytics-Analytics-should-show-loading-state-webkit\test-failed-1.png
    ────────────────────────────────────────────────────────────────────────────────────────────────

    attachment #2: video (video/webm) ──────────────────────────────────────────────────────────────
    test-results\analytics-Analytics-should-show-loading-state-webkit\video.webm
    ────────────────────────────────────────────────────────────────────────────────────────────────

  42) [webkit] › tests\e2e\reports.spec.ts:15:3 › Reports › should display reports page with heading 

    [31mTest timeout of 30000ms exceeded.[39m

    Error: [2mexpect([22m[31mlocator[39m[2m).[22mtoBeVisible[2m([22m[2m)[22m failed

    Locator: locator('h1:has-text("Reports & Analytics")')
    Expected: visible
    Error: element(s) not found

    Call log:
    [2m  - Expect "toBeVisible" with timeout 10000ms[22m
    [2m  - waiting for locator('h1:has-text("Reports & Analytics")')[22m


      15 |   test('should display reports page with heading', async ({ page }) => {
      16 |     // Check page heading
    > 17 |     await expect(page.locator('h1:has-text("Reports & Analytics")')).toBeVisible({ timeout: 10000 });
         |                                                                      ^
      18 |   });
      19 |
      20 |   test('should show page description', async ({ page }) => {
        at C:\Users\Eli\Documents\git\tests\e2e\reports.spec.ts:17:70

    attachment #1: screenshot (image/png) ──────────────────────────────────────────────────────────
    test-results\reports-Reports-should-display-reports-page-with-heading-webkit\test-failed-1.png
    ────────────────────────────────────────────────────────────────────────────────────────────────

    attachment #2: video (video/webm) ──────────────────────────────────────────────────────────────
    test-results\reports-Reports-should-display-reports-page-with-heading-webkit\video.webm
    ────────────────────────────────────────────────────────────────────────────────────────────────

    Error Context: test-results\reports-Reports-should-display-reports-page-with-heading-webkit\error-context.md

  43) [webkit] › tests\e2e\reports.spec.ts:20:3 › Reports › should show page description ───────────

    [31mTest timeout of 30000ms exceeded while running "beforeEach" hook.[39m

       9 |   test.use({ storageState: 'tests/e2e/.auth/user.json' });
      10 |
    > 11 |   test.beforeEach(async ({ page }) => {
         |        ^
      12 |     await page.goto('/reports', { waitUntil: 'networkidle' });
      13 |   });
      14 |
        at C:\Users\Eli\Documents\git\tests\e2e\reports.spec.ts:11:8

    Error: page.goto: Test timeout of 30000ms exceeded.
    Call log:
    [2m  - navigating to "http://localhost:5173/reports", waiting until "networkidle"[22m


      10 |
      11 |   test.beforeEach(async ({ page }) => {
    > 12 |     await page.goto('/reports', { waitUntil: 'networkidle' });
         |                ^
      13 |   });
      14 |
      15 |   test('should display reports page with heading', async ({ page }) => {
        at C:\Users\Eli\Documents\git\tests\e2e\reports.spec.ts:12:16

    attachment #1: screenshot (image/png) ──────────────────────────────────────────────────────────
    test-results\reports-Reports-should-show-page-description-webkit\test-failed-1.png
    ────────────────────────────────────────────────────────────────────────────────────────────────

    attachment #2: video (video/webm) ──────────────────────────────────────────────────────────────
    test-results\reports-Reports-should-show-page-description-webkit\video.webm
    ────────────────────────────────────────────────────────────────────────────────────────────────

  44) [webkit] › tests\e2e\reports.spec.ts:25:3 › Reports › should show Select Report card ─────────

    [31mTest timeout of 30000ms exceeded while running "beforeEach" hook.[39m

       9 |   test.use({ storageState: 'tests/e2e/.auth/user.json' });
      10 |
    > 11 |   test.beforeEach(async ({ page }) => {
         |        ^
      12 |     await page.goto('/reports', { waitUntil: 'networkidle' });
      13 |   });
      14 |
        at C:\Users\Eli\Documents\git\tests\e2e\reports.spec.ts:11:8

    Error: browserContext.newPage: Test timeout of 30000ms exceeded.

  45) [webkit] › tests\e2e\reports.spec.ts:30:3 › Reports › should show report type dropdown ───────

    [31mTest timeout of 30000ms exceeded while running "beforeEach" hook.[39m

       9 |   test.use({ storageState: 'tests/e2e/.auth/user.json' });
      10 |
    > 11 |   test.beforeEach(async ({ page }) => {
         |        ^
      12 |     await page.goto('/reports', { waitUntil: 'networkidle' });
      13 |   });
      14 |
        at C:\Users\Eli\Documents\git\tests\e2e\reports.spec.ts:11:8

    Error: browserContext.newPage: Test timeout of 30000ms exceeded.

  46) [webkit] › tests\e2e\reports.spec.ts:39:3 › Reports › should show project input ──────────────

    [31mTest timeout of 30000ms exceeded while running "beforeEach" hook.[39m

       9 |   test.use({ storageState: 'tests/e2e/.auth/user.json' });
      10 |
    > 11 |   test.beforeEach(async ({ page }) => {
         |        ^
      12 |     await page.goto('/reports', { waitUntil: 'networkidle' });
      13 |   });
      14 |
        at C:\Users\Eli\Documents\git\tests\e2e\reports.spec.ts:11:8

    Error: browserContext.newPage: Test timeout of 30000ms exceeded.

  47) [webkit] › tests\e2e\reports.spec.ts:48:3 › Reports › should show action buttons ─────────────

    [31mTest timeout of 30000ms exceeded while running "beforeEach" hook.[39m

       9 |   test.use({ storageState: 'tests/e2e/.auth/user.json' });
      10 |
    > 11 |   test.beforeEach(async ({ page }) => {
         |        ^
      12 |     await page.goto('/reports', { waitUntil: 'networkidle' });
      13 |   });
      14 |
        at C:\Users\Eli\Documents\git\tests\e2e\reports.spec.ts:11:8

    Error: browserContext.newPage: Test timeout of 30000ms exceeded.

  48) [webkit] › tests\e2e\reports.spec.ts:62:3 › Reports › should show placeholder when no project selected 

    TimeoutError: page.goto: Timeout 15000ms exceeded.
    Call log:
    [2m  - navigating to "http://localhost:5173/reports", waiting until "networkidle"[22m


      10 |
      11 |   test.beforeEach(async ({ page }) => {
    > 12 |     await page.goto('/reports', { waitUntil: 'networkidle' });
         |                ^
      13 |   });
      14 |
      15 |   test('should display reports page with heading', async ({ page }) => {
        at C:\Users\Eli\Documents\git\tests\e2e\reports.spec.ts:12:16

    attachment #1: video (video/webm) ──────────────────────────────────────────────────────────────
    test-results\reports-Reports-should-sho-66d2f-er-when-no-project-selected-webkit\video.webm
    ────────────────────────────────────────────────────────────────────────────────────────────────

  49) [webkit] › tests\e2e\reports.spec.ts:67:3 › Reports › should have report type options ────────

    [31mTest timeout of 30000ms exceeded while running "beforeEach" hook.[39m

       9 |   test.use({ storageState: 'tests/e2e/.auth/user.json' });
      10 |
    > 11 |   test.beforeEach(async ({ page }) => {
         |        ^
      12 |     await page.goto('/reports', { waitUntil: 'networkidle' });
      13 |   });
      14 |
        at C:\Users\Eli\Documents\git\tests\e2e\reports.spec.ts:11:8

    Error: browserContext.newPage: Test timeout of 30000ms exceeded.

  50) [webkit] › tests\e2e\reports.spec.ts:77:3 › Reports › should change report type selection ────

    [31mTest timeout of 30000ms exceeded while running "beforeEach" hook.[39m

       9 |   test.use({ storageState: 'tests/e2e/.auth/user.json' });
      10 |
    > 11 |   test.beforeEach(async ({ page }) => {
         |        ^
      12 |     await page.goto('/reports', { waitUntil: 'networkidle' });
      13 |   });
      14 |
        at C:\Users\Eli\Documents\git\tests\e2e\reports.spec.ts:11:8

    Error: page.goto: Test timeout of 30000ms exceeded.
    Call log:
    [2m  - navigating to "http://localhost:5173/reports", waiting until "networkidle"[22m


      10 |
      11 |   test.beforeEach(async ({ page }) => {
    > 12 |     await page.goto('/reports', { waitUntil: 'networkidle' });
         |                ^
      13 |   });
      14 |
      15 |   test('should display reports page with heading', async ({ page }) => {
        at C:\Users\Eli\Documents\git\tests\e2e\reports.spec.ts:12:16

    attachment #1: video (video/webm) ──────────────────────────────────────────────────────────────
    test-results\reports-Reports-should-change-report-type-selection-webkit\video.webm
    ────────────────────────────────────────────────────────────────────────────────────────────────

  51) [webkit] › tests\e2e\reports.spec.ts:87:3 › Reports › should enable generate button when project entered 

    TimeoutError: page.goto: Timeout 15000ms exceeded.
    Call log:
    [2m  - navigating to "http://localhost:5173/reports", waiting until "networkidle"[22m


      10 |
      11 |   test.beforeEach(async ({ page }) => {
    > 12 |     await page.goto('/reports', { waitUntil: 'networkidle' });
         |                ^
      13 |   });
      14 |
      15 |   test('should display reports page with heading', async ({ page }) => {
        at C:\Users\Eli\Documents\git\tests\e2e\reports.spec.ts:12:16

    attachment #1: video (video/webm) ──────────────────────────────────────────────────────────────
    test-results\reports-Reports-should-ena-1b692-button-when-project-entered-webkit\video.webm
    ────────────────────────────────────────────────────────────────────────────────────────────────

  52) [webkit] › tests\e2e\reports.spec.ts:100:3 › Reports › should show loading state ─────────────

    TimeoutError: page.goto: Timeout 15000ms exceeded.
    Call log:
    [2m  - navigating to "http://localhost:5173/reports", waiting until "load"[22m


      100 |   test('should show loading state', async ({ page }) => {
      101 |     // Navigate fresh
    > 102 |     await page.goto('/reports');
          |                ^
      103 |
      104 |     // Content should appear
      105 |     await expect(page.locator('main')).toBeVisible({ timeout: 10000 });
        at C:\Users\Eli\Documents\git\tests\e2e\reports.spec.ts:102:16

    attachment #1: video (video/webm) ──────────────────────────────────────────────────────────────
    test-results\reports-Reports-should-show-loading-state-webkit\video.webm
    ────────────────────────────────────────────────────────────────────────────────────────────────

  53) [mobile-chrome] › tests\e2e\analytics.spec.ts:15:3 › Analytics › should display analytics page with heading 

    [31mTest timeout of 30000ms exceeded while running "beforeEach" hook.[39m

       9 |   test.use({ storageState: 'tests/e2e/.auth/user.json' });
      10 |
    > 11 |   test.beforeEach(async ({ page }) => {
         |        ^
      12 |     await page.goto('/analytics', { waitUntil: 'networkidle' });
      13 |   });
      14 |
        at C:\Users\Eli\Documents\git\tests\e2e\analytics.spec.ts:11:8

    Error: page.goto: Test timeout of 30000ms exceeded.
    Call log:
    [2m  - navigating to "http://localhost:5173/analytics", waiting until "networkidle"[22m


      10 |
      11 |   test.beforeEach(async ({ page }) => {
    > 12 |     await page.goto('/analytics', { waitUntil: 'networkidle' });
         |                ^
      13 |   });
      14 |
      15 |   test('should display analytics page with heading', async ({ page }) => {
        at C:\Users\Eli\Documents\git\tests\e2e\analytics.spec.ts:12:16

    attachment #1: screenshot (image/png) ──────────────────────────────────────────────────────────
    test-results\analytics-Analytics-should-88c50-analytics-page-with-heading-mobile-chrome\test-failed-1.png
    ────────────────────────────────────────────────────────────────────────────────────────────────

    attachment #2: video (video/webm) ──────────────────────────────────────────────────────────────
    test-results\analytics-Analytics-should-88c50-analytics-page-with-heading-mobile-chrome\video.webm
    ────────────────────────────────────────────────────────────────────────────────────────────────

    Error Context: test-results\analytics-Analytics-should-88c50-analytics-page-with-heading-mobile-chrome\error-context.md

  54) [mobile-chrome] › tests\e2e\analytics.spec.ts:20:3 › Analytics › should show project selector when no project selected 

    [31mTest timeout of 30000ms exceeded.[39m

    Error: [2mexpect([22m[31mlocator[39m[2m).[22mtoBeVisible[2m([22m[2m)[22m failed

    Locator: locator('text="Select a Project"')
    Expected: visible
    Error: element(s) not found

    Call log:
    [2m  - Expect "toBeVisible" with timeout 5000ms[22m
    [2m  - waiting for locator('text="Select a Project"')[22m


      20 |   test('should show project selector when no project selected', async ({ page }) => {
      21 |     // Check for Select a Project heading
    > 22 |     await expect(page.locator('text="Select a Project"')).toBeVisible();
         |                                                           ^
      23 |   });
      24 |
      25 |   test('should show analytics icon', async ({ page }) => {
        at C:\Users\Eli\Documents\git\tests\e2e\analytics.spec.ts:22:59

    attachment #1: screenshot (image/png) ──────────────────────────────────────────────────────────
    test-results\analytics-Analytics-should-5e50b-or-when-no-project-selected-mobile-chrome\test-failed-1.png
    ────────────────────────────────────────────────────────────────────────────────────────────────

    attachment #2: video (video/webm) ──────────────────────────────────────────────────────────────
    test-results\analytics-Analytics-should-5e50b-or-when-no-project-selected-mobile-chrome\video.webm
    ────────────────────────────────────────────────────────────────────────────────────────────────

    Error Context: test-results\analytics-Analytics-should-5e50b-or-when-no-project-selected-mobile-chrome\error-context.md

  55) [mobile-chrome] › tests\e2e\analytics.spec.ts:25:3 › Analytics › should show analytics icon ──

    [31mTest timeout of 30000ms exceeded while running "beforeEach" hook.[39m

       9 |   test.use({ storageState: 'tests/e2e/.auth/user.json' });
      10 |
    > 11 |   test.beforeEach(async ({ page }) => {
         |        ^
      12 |     await page.goto('/analytics', { waitUntil: 'networkidle' });
      13 |   });
      14 |
        at C:\Users\Eli\Documents\git\tests\e2e\analytics.spec.ts:11:8

    Error: browser.newContext: Test ended.

  56) [mobile-chrome] › tests\e2e\analytics.spec.ts:30:3 › Analytics › should show project description text 

    [31mTest timeout of 30000ms exceeded while running "beforeEach" hook.[39m

       9 |   test.use({ storageState: 'tests/e2e/.auth/user.json' });
      10 |
    > 11 |   test.beforeEach(async ({ page }) => {
         |        ^
      12 |     await page.goto('/analytics', { waitUntil: 'networkidle' });
      13 |   });
      14 |
        at C:\Users\Eli\Documents\git\tests\e2e\analytics.spec.ts:11:8

    Error: page.goto: Test timeout of 30000ms exceeded.
    Call log:
    [2m  - navigating to "http://localhost:5173/analytics", waiting until "networkidle"[22m


      10 |
      11 |   test.beforeEach(async ({ page }) => {
    > 12 |     await page.goto('/analytics', { waitUntil: 'networkidle' });
         |                ^
      13 |   });
      14 |
      15 |   test('should display analytics page with heading', async ({ page }) => {
        at C:\Users\Eli\Documents\git\tests\e2e\analytics.spec.ts:12:16

    attachment #1: screenshot (image/png) ──────────────────────────────────────────────────────────
    test-results\analytics-Analytics-should-show-project-description-text-mobile-chrome\test-failed-1.png
    ────────────────────────────────────────────────────────────────────────────────────────────────

    attachment #2: video (video/webm) ──────────────────────────────────────────────────────────────
    test-results\analytics-Analytics-should-show-project-description-text-mobile-chrome\video.webm
    ────────────────────────────────────────────────────────────────────────────────────────────────

  57) [mobile-chrome] › tests\e2e\analytics.spec.ts:35:3 › Analytics › should show project links when projects exist 

    [31mTest timeout of 30000ms exceeded while running "beforeEach" hook.[39m

       9 |   test.use({ storageState: 'tests/e2e/.auth/user.json' });
      10 |
    > 11 |   test.beforeEach(async ({ page }) => {
         |        ^
      12 |     await page.goto('/analytics', { waitUntil: 'networkidle' });
      13 |   });
      14 |
        at C:\Users\Eli\Documents\git\tests\e2e\analytics.spec.ts:11:8

    attachment #1: screenshot (image/png) ──────────────────────────────────────────────────────────
    test-results\analytics-Analytics-should-de75b-t-links-when-projects-exist-mobile-chrome\test-failed-1.png
    ────────────────────────────────────────────────────────────────────────────────────────────────

    attachment #2: video (video/webm) ──────────────────────────────────────────────────────────────
    test-results\analytics-Analytics-should-de75b-t-links-when-projects-exist-mobile-chrome\video.webm
    ────────────────────────────────────────────────────────────────────────────────────────────────

    Error Context: test-results\analytics-Analytics-should-de75b-t-links-when-projects-exist-mobile-chrome\error-context.md

  58) [mobile-chrome] › tests\e2e\analytics.spec.ts:62:3 › Analytics › should show loading state ───

    Error: [2mexpect([22m[31mlocator[39m[2m).[22mtoBeVisible[2m([22m[2m)[22m failed

    Locator: locator('main, .container')
    Expected: visible
    Timeout: 10000ms
    Error: element(s) not found

    Call log:
    [2m  - Expect "toBeVisible" with timeout 10000ms[22m
    [2m  - waiting for locator('main, .container')[22m


      65 |
      66 |     // Either loading or content should appear
    > 67 |     await expect(page.locator('main, .container')).toBeVisible({ timeout: 10000 });
         |                                                    ^
      68 |   });
      69 | });
      70 |
        at C:\Users\Eli\Documents\git\tests\e2e\analytics.spec.ts:67:52

    attachment #1: screenshot (image/png) ──────────────────────────────────────────────────────────
    test-results\analytics-Analytics-should-show-loading-state-mobile-chrome\test-failed-1.png
    ────────────────────────────────────────────────────────────────────────────────────────────────

    attachment #2: video (video/webm) ──────────────────────────────────────────────────────────────
    test-results\analytics-Analytics-should-show-loading-state-mobile-chrome\video.webm
    ────────────────────────────────────────────────────────────────────────────────────────────────

    Error Context: test-results\analytics-Analytics-should-show-loading-state-mobile-chrome\error-context.md

  59) [mobile-chrome] › tests\e2e\reports.spec.ts:15:3 › Reports › should display reports page with heading 

    Error: [2mexpect([22m[31mlocator[39m[2m).[22mtoBeVisible[2m([22m[2m)[22m failed

    Locator: locator('h1:has-text("Reports & Analytics")')
    Expected: visible
    Timeout: 10000ms
    Error: element(s) not found

    Call log:
    [2m  - Expect "toBeVisible" with timeout 10000ms[22m
    [2m  - waiting for locator('h1:has-text("Reports & Analytics")')[22m


      15 |   test('should display reports page with heading', async ({ page }) => {
      16 |     // Check page heading
    > 17 |     await expect(page.locator('h1:has-text("Reports & Analytics")')).toBeVisible({ timeout: 10000 });
         |                                                                      ^
      18 |   });
      19 |
      20 |   test('should show page description', async ({ page }) => {
        at C:\Users\Eli\Documents\git\tests\e2e\reports.spec.ts:17:70

    attachment #1: screenshot (image/png) ──────────────────────────────────────────────────────────
    test-results\reports-Reports-should-display-reports-page-with-heading-mobile-chrome\test-failed-1.png
    ────────────────────────────────────────────────────────────────────────────────────────────────

    attachment #2: video (video/webm) ──────────────────────────────────────────────────────────────
    test-results\reports-Reports-should-display-reports-page-with-heading-mobile-chrome\video.webm
    ────────────────────────────────────────────────────────────────────────────────────────────────

    Error Context: test-results\reports-Reports-should-display-reports-page-with-heading-mobile-chrome\error-context.md

  60) [mobile-chrome] › tests\e2e\reports.spec.ts:20:3 › Reports › should show page description ────

    Error: [2mexpect([22m[31mlocator[39m[2m).[22mtoBeVisible[2m([22m[2m)[22m failed

    Locator: locator('text="Generate and view project reports"')
    Expected: visible
    Timeout: 5000ms
    Error: element(s) not found

    Call log:
    [2m  - Expect "toBeVisible" with timeout 5000ms[22m
    [2m  - waiting for locator('text="Generate and view project reports"')[22m


      20 |   test('should show page description', async ({ page }) => {
      21 |     // Check page description
    > 22 |     await expect(page.locator('text="Generate and view project reports"')).toBeVisible();
         |                                                                            ^
      23 |   });
      24 |
      25 |   test('should show Select Report card', async ({ page }) => {
        at C:\Users\Eli\Documents\git\tests\e2e\reports.spec.ts:22:76

    attachment #1: screenshot (image/png) ──────────────────────────────────────────────────────────
    test-results\reports-Reports-should-show-page-description-mobile-chrome\test-failed-1.png
    ────────────────────────────────────────────────────────────────────────────────────────────────

    attachment #2: video (video/webm) ──────────────────────────────────────────────────────────────
    test-results\reports-Reports-should-show-page-description-mobile-chrome\video.webm
    ────────────────────────────────────────────────────────────────────────────────────────────────

    Error Context: test-results\reports-Reports-should-show-page-description-mobile-chrome\error-context.md

  61) [mobile-chrome] › tests\e2e\reports.spec.ts:25:3 › Reports › should show Select Report card ──

    Error: [2mexpect([22m[31mlocator[39m[2m).[22mtoBeVisible[2m([22m[2m)[22m failed

    Locator: locator('text="Select Report"')
    Expected: visible
    Timeout: 5000ms
    Error: element(s) not found

    Call log:
    [2m  - Expect "toBeVisible" with timeout 5000ms[22m
    [2m  - waiting for locator('text="Select Report"')[22m


      25 |   test('should show Select Report card', async ({ page }) => {
      26 |     // Check for Select Report heading
    > 27 |     await expect(page.locator('text="Select Report"')).toBeVisible();
         |                                                        ^
      28 |   });
      29 |
      30 |   test('should show report type dropdown', async ({ page }) => {
        at C:\Users\Eli\Documents\git\tests\e2e\reports.spec.ts:27:56

    attachment #1: screenshot (image/png) ──────────────────────────────────────────────────────────
    test-results\reports-Reports-should-show-Select-Report-card-mobile-chrome\test-failed-1.png
    ────────────────────────────────────────────────────────────────────────────────────────────────

    attachment #2: video (video/webm) ──────────────────────────────────────────────────────────────
    test-results\reports-Reports-should-show-Select-Report-card-mobile-chrome\video.webm
    ────────────────────────────────────────────────────────────────────────────────────────────────

    Error Context: test-results\reports-Reports-should-show-Select-Report-card-mobile-chrome\error-context.md

  62) [mobile-chrome] › tests\e2e\reports.spec.ts:30:3 › Reports › should show report type dropdown 

    Error: [2mexpect([22m[31mlocator[39m[2m).[22mtoBeVisible[2m([22m[2m)[22m failed

    Locator: locator('text="Report Type"')
    Expected: visible
    Timeout: 5000ms
    Error: element(s) not found

    Call log:
    [2m  - Expect "toBeVisible" with timeout 5000ms[22m
    [2m  - waiting for locator('text="Report Type"')[22m


      30 |   test('should show report type dropdown', async ({ page }) => {
      31 |     // Check for Report Type label
    > 32 |     await expect(page.locator('text="Report Type"')).toBeVisible();
         |                                                      ^
      33 |
      34 |     // Check for select dropdown with report options
      35 |     const reportSelect = page.locator('select').filter({ has: page.locator('option:has-text("Project Health Dashboard")') });
        at C:\Users\Eli\Documents\git\tests\e2e\reports.spec.ts:32:54

    attachment #1: screenshot (image/png) ──────────────────────────────────────────────────────────
    test-results\reports-Reports-should-show-report-type-dropdown-mobile-chrome\test-failed-1.png
    ────────────────────────────────────────────────────────────────────────────────────────────────

    attachment #2: video (video/webm) ──────────────────────────────────────────────────────────────
    test-results\reports-Reports-should-show-report-type-dropdown-mobile-chrome\video.webm
    ────────────────────────────────────────────────────────────────────────────────────────────────

    Error Context: test-results\reports-Reports-should-show-report-type-dropdown-mobile-chrome\error-context.md

  63) [mobile-chrome] › tests\e2e\reports.spec.ts:39:3 › Reports › should show project input ───────

    Error: [2mexpect([22m[31mlocator[39m[2m).[22mtoBeVisible[2m([22m[2m)[22m failed

    Locator: locator('text="Project (Optional)"')
    Expected: visible
    Timeout: 5000ms
    Error: element(s) not found

    Call log:
    [2m  - Expect "toBeVisible" with timeout 5000ms[22m
    [2m  - waiting for locator('text="Project (Optional)"')[22m


      39 |   test('should show project input', async ({ page }) => {
      40 |     // Check for Project input
    > 41 |     await expect(page.locator('text="Project (Optional)"')).toBeVisible();
         |                                                             ^
      42 |
      43 |     // Check for input field
      44 |     const projectInput = page.locator('input[placeholder*="Enter project ID"]');
        at C:\Users\Eli\Documents\git\tests\e2e\reports.spec.ts:41:61

    attachment #1: screenshot (image/png) ──────────────────────────────────────────────────────────
    test-results\reports-Reports-should-show-project-input-mobile-chrome\test-failed-1.png
    ────────────────────────────────────────────────────────────────────────────────────────────────

    attachment #2: video (video/webm) ──────────────────────────────────────────────────────────────
    test-results\reports-Reports-should-show-project-input-mobile-chrome\video.webm
    ────────────────────────────────────────────────────────────────────────────────────────────────

    Error Context: test-results\reports-Reports-should-show-project-input-mobile-chrome\error-context.md

  64) [mobile-chrome] › tests\e2e\reports.spec.ts:48:3 › Reports › should show action buttons ──────

    Error: [2mexpect([22m[31mlocator[39m[2m).[22mtoBeVisible[2m([22m[2m)[22m failed

    Locator: locator('button:has-text("Print")')
    Expected: visible
    Timeout: 5000ms
    Error: element(s) not found

    Call log:
    [2m  - Expect "toBeVisible" with timeout 5000ms[22m
    [2m  - waiting for locator('button:has-text("Print")')[22m


      49 |     // Check for Print button
      50 |     const printBtn = page.locator('button:has-text("Print")');
    > 51 |     await expect(printBtn).toBeVisible();
         |                            ^
      52 |
      53 |     // Check for Export PDF button
      54 |     const exportBtn = page.locator('button:has-text("Export PDF")');
        at C:\Users\Eli\Documents\git\tests\e2e\reports.spec.ts:51:28

    attachment #1: screenshot (image/png) ──────────────────────────────────────────────────────────
    test-results\reports-Reports-should-show-action-buttons-mobile-chrome\test-failed-1.png
    ────────────────────────────────────────────────────────────────────────────────────────────────

    attachment #2: video (video/webm) ──────────────────────────────────────────────────────────────
    test-results\reports-Reports-should-show-action-buttons-mobile-chrome\video.webm
    ────────────────────────────────────────────────────────────────────────────────────────────────

    Error Context: test-results\reports-Reports-should-show-action-buttons-mobile-chrome\error-context.md

  65) [mobile-chrome] › tests\e2e\reports.spec.ts:62:3 › Reports › should show placeholder when no project selected 

    Error: [2mexpect([22m[31mlocator[39m[2m).[22mtoBeVisible[2m([22m[2m)[22m failed

    Locator: locator('text="Select a project to generate reports"')
    Expected: visible
    Timeout: 5000ms
    Error: element(s) not found

    Call log:
    [2m  - Expect "toBeVisible" with timeout 5000ms[22m
    [2m  - waiting for locator('text="Select a project to generate reports"')[22m


      62 |   test('should show placeholder when no project selected', async ({ page }) => {
      63 |     // Check for placeholder message
    > 64 |     await expect(page.locator('text="Select a project to generate reports"')).toBeVisible();
         |                                                                               ^
      65 |   });
      66 |
      67 |   test('should have report type options', async ({ page }) => {
        at C:\Users\Eli\Documents\git\tests\e2e\reports.spec.ts:64:79

    attachment #1: screenshot (image/png) ──────────────────────────────────────────────────────────
    test-results\reports-Reports-should-sho-66d2f-er-when-no-project-selected-mobile-chrome\test-failed-1.png
    ────────────────────────────────────────────────────────────────────────────────────────────────

    attachment #2: video (video/webm) ──────────────────────────────────────────────────────────────
    test-results\reports-Reports-should-sho-66d2f-er-when-no-project-selected-mobile-chrome\video.webm
    ────────────────────────────────────────────────────────────────────────────────────────────────

    Error Context: test-results\reports-Reports-should-sho-66d2f-er-when-no-project-selected-mobile-chrome\error-context.md

  66) [mobile-chrome] › tests\e2e\reports.spec.ts:67:3 › Reports › should have report type options ─

    Error: [2mexpect([22m[31mlocator[39m[2m).[22mtoBeVisible[2m([22m[2m)[22m failed

    Locator: locator('select').filter({ has: locator('option:has-text("Project Health Dashboard")') }).locator('option:has-text("Project Health Dashboard")')
    Expected: visible
    Timeout: 5000ms
    Error: element(s) not found

    Call log:
    [2m  - Expect "toBeVisible" with timeout 5000ms[22m
    [2m  - waiting for locator('select').filter({ has: locator('option:has-text("Project Health Dashboard")') }).locator('option:has-text("Project Health Dashboard")')[22m


      69 |
      70 |     // Check for all report type options
    > 71 |     await expect(reportSelect.locator('option:has-text("Project Health Dashboard")')).toBeVisible();
         |                                                                                       ^
      72 |     await expect(reportSelect.locator('option:has-text("Financial Summary")')).toBeVisible();
      73 |     await expect(reportSelect.locator('option:has-text("Punch List Status")')).toBeVisible();
      74 |     await expect(reportSelect.locator('option:has-text("Safety Incident Report")')).toBeVisible();
        at C:\Users\Eli\Documents\git\tests\e2e\reports.spec.ts:71:87

    attachment #1: screenshot (image/png) ──────────────────────────────────────────────────────────
    test-results\reports-Reports-should-have-report-type-options-mobile-chrome\test-failed-1.png
    ────────────────────────────────────────────────────────────────────────────────────────────────

    attachment #2: video (video/webm) ──────────────────────────────────────────────────────────────
    test-results\reports-Reports-should-have-report-type-options-mobile-chrome\video.webm
    ────────────────────────────────────────────────────────────────────────────────────────────────

    Error Context: test-results\reports-Reports-should-have-report-type-options-mobile-chrome\error-context.md

  67) [mobile-chrome] › tests\e2e\reports.spec.ts:77:3 › Reports › should change report type selection 

    [31mTest timeout of 30000ms exceeded.[39m

    Error: locator.selectOption: Test timeout of 30000ms exceeded.
    Call log:
    [2m  - waiting for locator('select').filter({ has: locator('option:has-text("Project Health Dashboard")') })[22m


      79 |
      80 |     // Select Financial Summary
    > 81 |     await reportSelect.selectOption('financial');
         |                        ^
      82 |
      83 |     // Verify selection changed
      84 |     await expect(reportSelect).toHaveValue('financial');
        at C:\Users\Eli\Documents\git\tests\e2e\reports.spec.ts:81:24

    attachment #1: screenshot (image/png) ──────────────────────────────────────────────────────────
    test-results\reports-Reports-should-change-report-type-selection-mobile-chrome\test-failed-1.png
    ────────────────────────────────────────────────────────────────────────────────────────────────

    attachment #2: video (video/webm) ──────────────────────────────────────────────────────────────
    test-results\reports-Reports-should-change-report-type-selection-mobile-chrome\video.webm
    ────────────────────────────────────────────────────────────────────────────────────────────────

    Error Context: test-results\reports-Reports-should-change-report-type-selection-mobile-chrome\error-context.md

  68) [mobile-chrome] › tests\e2e\reports.spec.ts:87:3 › Reports › should enable generate button when project entered 

    Error: [2mexpect([22m[31mlocator[39m[2m).[22mtoBeDisabled[2m([22m[2m)[22m failed

    Locator: locator('button:has-text("Generate Report")')
    Expected: disabled
    Timeout: 5000ms
    Error: element(s) not found

    Call log:
    [2m  - Expect "toBeDisabled" with timeout 5000ms[22m
    [2m  - waiting for locator('button:has-text("Generate Report")')[22m


      88 |     // Generate button should be disabled initially
      89 |     const generateBtn = page.locator('button:has-text("Generate Report")');
    > 90 |     await expect(generateBtn).toBeDisabled();
         |                               ^
      91 |
      92 |     // Enter project ID
      93 |     const projectInput = page.locator('input[placeholder*="Enter project ID"]');
        at C:\Users\Eli\Documents\git\tests\e2e\reports.spec.ts:90:31

    attachment #1: screenshot (image/png) ──────────────────────────────────────────────────────────
    test-results\reports-Reports-should-ena-1b692-button-when-project-entered-mobile-chrome\test-failed-1.png
    ────────────────────────────────────────────────────────────────────────────────────────────────

    attachment #2: video (video/webm) ──────────────────────────────────────────────────────────────
    test-results\reports-Reports-should-ena-1b692-button-when-project-entered-mobile-chrome\video.webm
    ────────────────────────────────────────────────────────────────────────────────────────────────

    Error Context: test-results\reports-Reports-should-ena-1b692-button-when-project-entered-mobile-chrome\error-context.md

  69) [mobile-chrome] › tests\e2e\reports.spec.ts:100:3 › Reports › should show loading state ──────

    Error: [2mexpect([22m[31mlocator[39m[2m).[22mtoBeVisible[2m([22m[2m)[22m failed

    Locator: locator('main')
    Expected: visible
    Timeout: 10000ms
    Error: element(s) not found

    Call log:
    [2m  - Expect "toBeVisible" with timeout 10000ms[22m
    [2m  - waiting for locator('main')[22m


      103 |
      104 |     // Content should appear
    > 105 |     await expect(page.locator('main')).toBeVisible({ timeout: 10000 });
          |                                        ^
      106 |   });
      107 | });
      108 |
        at C:\Users\Eli\Documents\git\tests\e2e\reports.spec.ts:105:40

    attachment #1: screenshot (image/png) ──────────────────────────────────────────────────────────
    test-results\reports-Reports-should-show-loading-state-mobile-chrome\test-failed-1.png
    ────────────────────────────────────────────────────────────────────────────────────────────────

    attachment #2: video (video/webm) ──────────────────────────────────────────────────────────────
    test-results\reports-Reports-should-show-loading-state-mobile-chrome\video.webm
    ────────────────────────────────────────────────────────────────────────────────────────────────

    Error Context: test-results\reports-Reports-should-show-loading-state-mobile-chrome\error-context.md

  70) [mobile-safari] › tests\e2e\analytics.spec.ts:15:3 › Analytics › should display analytics page with heading 

    [31mTest timeout of 30000ms exceeded.[39m

    Error: [2mexpect([22m[31mlocator[39m[2m).[22mtoBeVisible[2m([22m[2m)[22m failed

    Locator: locator('h1:has-text("Predictive Analytics")')
    Expected: visible
    Timeout: 10000ms
    Error: element(s) not found

    Call log:
    [2m  - Expect "toBeVisible" with timeout 10000ms[22m
    [2m  - waiting for locator('h1:has-text("Predictive Analytics")')[22m


      15 |   test('should display analytics page with heading', async ({ page }) => {
      16 |     // Check page heading
    > 17 |     await expect(page.locator('h1:has-text("Predictive Analytics")')).toBeVisible({ timeout: 10000 });
         |                                                                       ^
      18 |   });
      19 |
      20 |   test('should show project selector when no project selected', async ({ page }) => {
        at C:\Users\Eli\Documents\git\tests\e2e\analytics.spec.ts:17:71

    attachment #1: video (video/webm) ──────────────────────────────────────────────────────────────
    test-results\analytics-Analytics-should-88c50-analytics-page-with-heading-mobile-safari\video.webm
    ────────────────────────────────────────────────────────────────────────────────────────────────

  71) [mobile-safari] › tests\e2e\analytics.spec.ts:20:3 › Analytics › should show project selector when no project selected 

    [31mTest timeout of 30000ms exceeded while running "beforeEach" hook.[39m

       9 |   test.use({ storageState: 'tests/e2e/.auth/user.json' });
      10 |
    > 11 |   test.beforeEach(async ({ page }) => {
         |        ^
      12 |     await page.goto('/analytics', { waitUntil: 'networkidle' });
      13 |   });
      14 |
        at C:\Users\Eli\Documents\git\tests\e2e\analytics.spec.ts:11:8

    Error: browserContext.newPage: Test timeout of 30000ms exceeded.

  72) [mobile-safari] › tests\e2e\analytics.spec.ts:25:3 › Analytics › should show analytics icon ──

    TimeoutError: page.goto: Timeout 15000ms exceeded.
    Call log:
    [2m  - navigating to "http://localhost:5173/analytics", waiting until "networkidle"[22m


      10 |
      11 |   test.beforeEach(async ({ page }) => {
    > 12 |     await page.goto('/analytics', { waitUntil: 'networkidle' });
         |                ^
      13 |   });
      14 |
      15 |   test('should display analytics page with heading', async ({ page }) => {
        at C:\Users\Eli\Documents\git\tests\e2e\analytics.spec.ts:12:16

    attachment #1: video (video/webm) ──────────────────────────────────────────────────────────────
    test-results\analytics-Analytics-should-show-analytics-icon-mobile-safari\video.webm
    ────────────────────────────────────────────────────────────────────────────────────────────────

    Error Context: test-results\analytics-Analytics-should-show-analytics-icon-mobile-safari\error-context.md

  73) [mobile-safari] › tests\e2e\analytics.spec.ts:30:3 › Analytics › should show project description text 

    TimeoutError: page.goto: Timeout 15000ms exceeded.
    Call log:
    [2m  - navigating to "http://localhost:5173/analytics", waiting until "networkidle"[22m


      10 |
      11 |   test.beforeEach(async ({ page }) => {
    > 12 |     await page.goto('/analytics', { waitUntil: 'networkidle' });
         |                ^
      13 |   });
      14 |
      15 |   test('should display analytics page with heading', async ({ page }) => {
        at C:\Users\Eli\Documents\git\tests\e2e\analytics.spec.ts:12:16

    attachment #1: video (video/webm) ──────────────────────────────────────────────────────────────
    test-results\analytics-Analytics-should-show-project-description-text-mobile-safari\video.webm
    ────────────────────────────────────────────────────────────────────────────────────────────────

    Error Context: test-results\analytics-Analytics-should-show-project-description-text-mobile-safari\error-context.md

  74) [mobile-safari] › tests\e2e\analytics.spec.ts:35:3 › Analytics › should show project links when projects exist 

    TimeoutError: page.goto: Timeout 15000ms exceeded.
    Call log:
    [2m  - navigating to "http://localhost:5173/analytics", waiting until "networkidle"[22m


      10 |
      11 |   test.beforeEach(async ({ page }) => {
    > 12 |     await page.goto('/analytics', { waitUntil: 'networkidle' });
         |                ^
      13 |   });
      14 |
      15 |   test('should display analytics page with heading', async ({ page }) => {
        at C:\Users\Eli\Documents\git\tests\e2e\analytics.spec.ts:12:16

    attachment #1: video (video/webm) ──────────────────────────────────────────────────────────────
    test-results\analytics-Analytics-should-de75b-t-links-when-projects-exist-mobile-safari\video.webm
    ────────────────────────────────────────────────────────────────────────────────────────────────

    Error Context: test-results\analytics-Analytics-should-de75b-t-links-when-projects-exist-mobile-safari\error-context.md

  75) [mobile-safari] › tests\e2e\analytics.spec.ts:62:3 › Analytics › should show loading state ───

    Error: [2mexpect([22m[31mlocator[39m[2m).[22mtoBeVisible[2m([22m[2m)[22m failed

    Locator: locator('main, .container')
    Expected: visible
    Timeout: 10000ms
    Error: element(s) not found

    Call log:
    [2m  - Expect "toBeVisible" with timeout 10000ms[22m
    [2m  - waiting for locator('main, .container')[22m


      65 |
      66 |     // Either loading or content should appear
    > 67 |     await expect(page.locator('main, .container')).toBeVisible({ timeout: 10000 });
         |                                                    ^
      68 |   });
      69 | });
      70 |
        at C:\Users\Eli\Documents\git\tests\e2e\analytics.spec.ts:67:52

    attachment #1: screenshot (image/png) ──────────────────────────────────────────────────────────
    test-results\analytics-Analytics-should-show-loading-state-mobile-safari\test-failed-1.png
    ────────────────────────────────────────────────────────────────────────────────────────────────

    attachment #2: video (video/webm) ──────────────────────────────────────────────────────────────
    test-results\analytics-Analytics-should-show-loading-state-mobile-safari\video.webm
    ────────────────────────────────────────────────────────────────────────────────────────────────

    Error Context: test-results\analytics-Analytics-should-show-loading-state-mobile-safari\error-context.md

  76) [mobile-safari] › tests\e2e\reports.spec.ts:15:3 › Reports › should display reports page with heading 

    Error: [2mexpect([22m[31mlocator[39m[2m).[22mtoBeVisible[2m([22m[2m)[22m failed

    Locator: locator('h1:has-text("Reports & Analytics")')
    Expected: visible
    Timeout: 10000ms
    Error: element(s) not found

    Call log:
    [2m  - Expect "toBeVisible" with timeout 10000ms[22m
    [2m  - waiting for locator('h1:has-text("Reports & Analytics")')[22m


      15 |   test('should display reports page with heading', async ({ page }) => {
      16 |     // Check page heading
    > 17 |     await expect(page.locator('h1:has-text("Reports & Analytics")')).toBeVisible({ timeout: 10000 });
         |                                                                      ^
      18 |   });
      19 |
      20 |   test('should show page description', async ({ page }) => {
        at C:\Users\Eli\Documents\git\tests\e2e\reports.spec.ts:17:70

    attachment #1: screenshot (image/png) ──────────────────────────────────────────────────────────
    test-results\reports-Reports-should-display-reports-page-with-heading-mobile-safari\test-failed-1.png
    ────────────────────────────────────────────────────────────────────────────────────────────────

    attachment #2: video (video/webm) ──────────────────────────────────────────────────────────────
    test-results\reports-Reports-should-display-reports-page-with-heading-mobile-safari\video.webm
    ────────────────────────────────────────────────────────────────────────────────────────────────

    Error Context: test-results\reports-Reports-should-display-reports-page-with-heading-mobile-safari\error-context.md

  77) [mobile-safari] › tests\e2e\reports.spec.ts:20:3 › Reports › should show page description ────

    Error: [2mexpect([22m[31mlocator[39m[2m).[22mtoBeVisible[2m([22m[2m)[22m failed

    Locator: locator('text="Generate and view project reports"')
    Expected: visible
    Timeout: 5000ms
    Error: element(s) not found

    Call log:
    [2m  - Expect "toBeVisible" with timeout 5000ms[22m
    [2m  - waiting for locator('text="Generate and view project reports"')[22m


      20 |   test('should show page description', async ({ page }) => {
      21 |     // Check page description
    > 22 |     await expect(page.locator('text="Generate and view project reports"')).toBeVisible();
         |                                                                            ^
      23 |   });
      24 |
      25 |   test('should show Select Report card', async ({ page }) => {
        at C:\Users\Eli\Documents\git\tests\e2e\reports.spec.ts:22:76

    attachment #1: video (video/webm) ──────────────────────────────────────────────────────────────
    test-results\reports-Reports-should-show-page-description-mobile-safari\video.webm
    ────────────────────────────────────────────────────────────────────────────────────────────────

  78) [mobile-safari] › tests\e2e\reports.spec.ts:25:3 › Reports › should show Select Report card ──

    Error: [2mexpect([22m[31mlocator[39m[2m).[22mtoBeVisible[2m([22m[2m)[22m failed

    Locator: locator('text="Select Report"')
    Expected: visible
    Timeout: 5000ms
    Error: element(s) not found

    Call log:
    [2m  - Expect "toBeVisible" with timeout 5000ms[22m
    [2m  - waiting for locator('text="Select Report"')[22m


      25 |   test('should show Select Report card', async ({ page }) => {
      26 |     // Check for Select Report heading
    > 27 |     await expect(page.locator('text="Select Report"')).toBeVisible();
         |                                                        ^
      28 |   });
      29 |
      30 |   test('should show report type dropdown', async ({ page }) => {
        at C:\Users\Eli\Documents\git\tests\e2e\reports.spec.ts:27:56

    attachment #1: screenshot (image/png) ──────────────────────────────────────────────────────────
    test-results\reports-Reports-should-show-Select-Report-card-mobile-safari\test-failed-1.png
    ────────────────────────────────────────────────────────────────────────────────────────────────

    attachment #2: video (video/webm) ──────────────────────────────────────────────────────────────
    test-results\reports-Reports-should-show-Select-Report-card-mobile-safari\video.webm
    ────────────────────────────────────────────────────────────────────────────────────────────────

    Error Context: test-results\reports-Reports-should-show-Select-Report-card-mobile-safari\error-context.md

  79) [mobile-safari] › tests\e2e\reports.spec.ts:30:3 › Reports › should show report type dropdown 

    Error: [2mexpect([22m[31mlocator[39m[2m).[22mtoBeVisible[2m([22m[2m)[22m failed

    Locator: locator('text="Report Type"')
    Expected: visible
    Timeout: 5000ms
    Error: element(s) not found

    Call log:
    [2m  - Expect "toBeVisible" with timeout 5000ms[22m
    [2m  - waiting for locator('text="Report Type"')[22m


      30 |   test('should show report type dropdown', async ({ page }) => {
      31 |     // Check for Report Type label
    > 32 |     await expect(page.locator('text="Report Type"')).toBeVisible();
         |                                                      ^
      33 |
      34 |     // Check for select dropdown with report options
      35 |     const reportSelect = page.locator('select').filter({ has: page.locator('option:has-text("Project Health Dashboard")') });
        at C:\Users\Eli\Documents\git\tests\e2e\reports.spec.ts:32:54

    attachment #1: video (video/webm) ──────────────────────────────────────────────────────────────
    test-results\reports-Reports-should-show-report-type-dropdown-mobile-safari\video.webm
    ────────────────────────────────────────────────────────────────────────────────────────────────

  80) [mobile-safari] › tests\e2e\reports.spec.ts:39:3 › Reports › should show project input ───────

    Error: [2mexpect([22m[31mlocator[39m[2m).[22mtoBeVisible[2m([22m[2m)[22m failed

    Locator: locator('text="Project (Optional)"')
    Expected: visible
    Timeout: 5000ms
    Error: element(s) not found

    Call log:
    [2m  - Expect "toBeVisible" with timeout 5000ms[22m
    [2m  - waiting for locator('text="Project (Optional)"')[22m


      39 |   test('should show project input', async ({ page }) => {
      40 |     // Check for Project input
    > 41 |     await expect(page.locator('text="Project (Optional)"')).toBeVisible();
         |                                                             ^
      42 |
      43 |     // Check for input field
      44 |     const projectInput = page.locator('input[placeholder*="Enter project ID"]');
        at C:\Users\Eli\Documents\git\tests\e2e\reports.spec.ts:41:61

    attachment #1: screenshot (image/png) ──────────────────────────────────────────────────────────
    test-results\reports-Reports-should-show-project-input-mobile-safari\test-failed-1.png
    ────────────────────────────────────────────────────────────────────────────────────────────────

    attachment #2: video (video/webm) ──────────────────────────────────────────────────────────────
    test-results\reports-Reports-should-show-project-input-mobile-safari\video.webm
    ────────────────────────────────────────────────────────────────────────────────────────────────

    Error Context: test-results\reports-Reports-should-show-project-input-mobile-safari\error-context.md

  81) [mobile-safari] › tests\e2e\reports.spec.ts:48:3 › Reports › should show action buttons ──────

    Error: [2mexpect([22m[31mlocator[39m[2m).[22mtoBeVisible[2m([22m[2m)[22m failed

    Locator: locator('button:has-text("Print")')
    Expected: visible
    Timeout: 5000ms
    Error: element(s) not found

    Call log:
    [2m  - Expect "toBeVisible" with timeout 5000ms[22m
    [2m  - waiting for locator('button:has-text("Print")')[22m


      49 |     // Check for Print button
      50 |     const printBtn = page.locator('button:has-text("Print")');
    > 51 |     await expect(printBtn).toBeVisible();
         |                            ^
      52 |
      53 |     // Check for Export PDF button
      54 |     const exportBtn = page.locator('button:has-text("Export PDF")');
        at C:\Users\Eli\Documents\git\tests\e2e\reports.spec.ts:51:28

    attachment #1: screenshot (image/png) ──────────────────────────────────────────────────────────
    test-results\reports-Reports-should-show-action-buttons-mobile-safari\test-failed-1.png
    ────────────────────────────────────────────────────────────────────────────────────────────────

    attachment #2: video (video/webm) ──────────────────────────────────────────────────────────────
    test-results\reports-Reports-should-show-action-buttons-mobile-safari\video.webm
    ────────────────────────────────────────────────────────────────────────────────────────────────

  82) [mobile-safari] › tests\e2e\reports.spec.ts:62:3 › Reports › should show placeholder when no project selected 

    Error: [2mexpect([22m[31mlocator[39m[2m).[22mtoBeVisible[2m([22m[2m)[22m failed

    Locator: locator('text="Select a project to generate reports"')
    Expected: visible
    Timeout: 5000ms
    Error: element(s) not found

    Call log:
    [2m  - Expect "toBeVisible" with timeout 5000ms[22m
    [2m  - waiting for locator('text="Select a project to generate reports"')[22m


      62 |   test('should show placeholder when no project selected', async ({ page }) => {
      63 |     // Check for placeholder message
    > 64 |     await expect(page.locator('text="Select a project to generate reports"')).toBeVisible();
         |                                                                               ^
      65 |   });
      66 |
      67 |   test('should have report type options', async ({ page }) => {
        at C:\Users\Eli\Documents\git\tests\e2e\reports.spec.ts:64:79

    attachment #1: screenshot (image/png) ──────────────────────────────────────────────────────────
    test-results\reports-Reports-should-sho-66d2f-er-when-no-project-selected-mobile-safari\test-failed-1.png
    ────────────────────────────────────────────────────────────────────────────────────────────────

    attachment #2: video (video/webm) ──────────────────────────────────────────────────────────────
    test-results\reports-Reports-should-sho-66d2f-er-when-no-project-selected-mobile-safari\video.webm
    ────────────────────────────────────────────────────────────────────────────────────────────────

    Error Context: test-results\reports-Reports-should-sho-66d2f-er-when-no-project-selected-mobile-safari\error-context.md

  83) [mobile-safari] › tests\e2e\reports.spec.ts:67:3 › Reports › should have report type options ─

    Error: [2mexpect([22m[31mlocator[39m[2m).[22mtoBeVisible[2m([22m[2m)[22m failed

    Locator: locator('select').filter({ has: locator('option:has-text("Project Health Dashboard")') }).locator('option:has-text("Project Health Dashboard")')
    Expected: visible
    Timeout: 5000ms
    Error: element(s) not found

    Call log:
    [2m  - Expect "toBeVisible" with timeout 5000ms[22m
    [2m  - waiting for locator('select').filter({ has: locator('option:has-text("Project Health Dashboard")') }).locator('option:has-text("Project Health Dashboard")')[22m


      69 |
      70 |     // Check for all report type options
    > 71 |     await expect(reportSelect.locator('option:has-text("Project Health Dashboard")')).toBeVisible();
         |                                                                                       ^
      72 |     await expect(reportSelect.locator('option:has-text("Financial Summary")')).toBeVisible();
      73 |     await expect(reportSelect.locator('option:has-text("Punch List Status")')).toBeVisible();
      74 |     await expect(reportSelect.locator('option:has-text("Safety Incident Report")')).toBeVisible();
        at C:\Users\Eli\Documents\git\tests\e2e\reports.spec.ts:71:87

    attachment #1: screenshot (image/png) ──────────────────────────────────────────────────────────
    test-results\reports-Reports-should-have-report-type-options-mobile-safari\test-failed-1.png
    ────────────────────────────────────────────────────────────────────────────────────────────────

    attachment #2: video (video/webm) ──────────────────────────────────────────────────────────────
    test-results\reports-Reports-should-have-report-type-options-mobile-safari\video.webm
    ────────────────────────────────────────────────────────────────────────────────────────────────

    Error Context: test-results\reports-Reports-should-have-report-type-options-mobile-safari\error-context.md

  84) [mobile-safari] › tests\e2e\reports.spec.ts:77:3 › Reports › should change report type selection 

    TimeoutError: locator.selectOption: Timeout 10000ms exceeded.
    Call log:
    [2m  - waiting for locator('select').filter({ has: locator('option:has-text("Project Health Dashboard")') })[22m


      79 |
      80 |     // Select Financial Summary
    > 81 |     await reportSelect.selectOption('financial');
         |                        ^
      82 |
      83 |     // Verify selection changed
      84 |     await expect(reportSelect).toHaveValue('financial');
        at C:\Users\Eli\Documents\git\tests\e2e\reports.spec.ts:81:24

    attachment #1: screenshot (image/png) ──────────────────────────────────────────────────────────
    test-results\reports-Reports-should-change-report-type-selection-mobile-safari\test-failed-1.png
    ────────────────────────────────────────────────────────────────────────────────────────────────

    attachment #2: video (video/webm) ──────────────────────────────────────────────────────────────
    test-results\reports-Reports-should-change-report-type-selection-mobile-safari\video.webm
    ────────────────────────────────────────────────────────────────────────────────────────────────

    Error Context: test-results\reports-Reports-should-change-report-type-selection-mobile-safari\error-context.md

  85) [mobile-safari] › tests\e2e\reports.spec.ts:87:3 › Reports › should enable generate button when project entered 

    Error: [2mexpect([22m[31mlocator[39m[2m).[22mtoBeDisabled[2m([22m[2m)[22m failed

    Locator: locator('button:has-text("Generate Report")')
    Expected: disabled
    Timeout: 5000ms
    Error: element(s) not found

    Call log:
    [2m  - Expect "toBeDisabled" with timeout 5000ms[22m
    [2m  - waiting for locator('button:has-text("Generate Report")')[22m


      88 |     // Generate button should be disabled initially
      89 |     const generateBtn = page.locator('button:has-text("Generate Report")');
    > 90 |     await expect(generateBtn).toBeDisabled();
         |                               ^
      91 |
      92 |     // Enter project ID
      93 |     const projectInput = page.locator('input[placeholder*="Enter project ID"]');
        at C:\Users\Eli\Documents\git\tests\e2e\reports.spec.ts:90:31

    attachment #1: screenshot (image/png) ──────────────────────────────────────────────────────────
    test-results\reports-Reports-should-ena-1b692-button-when-project-entered-mobile-safari\test-failed-1.png
    ────────────────────────────────────────────────────────────────────────────────────────────────

    attachment #2: video (video/webm) ──────────────────────────────────────────────────────────────
    test-results\reports-Reports-should-ena-1b692-button-when-project-entered-mobile-safari\video.webm
    ────────────────────────────────────────────────────────────────────────────────────────────────

    Error Context: test-results\reports-Reports-should-ena-1b692-button-when-project-entered-mobile-safari\error-context.md

  86) [mobile-safari] › tests\e2e\reports.spec.ts:100:3 › Reports › should show loading state ──────

    TimeoutError: page.goto: Timeout 15000ms exceeded.
    Call log:
    [2m  - navigating to "http://localhost:5173/reports", waiting until "networkidle"[22m


      10 |
      11 |   test.beforeEach(async ({ page }) => {
    > 12 |     await page.goto('/reports', { waitUntil: 'networkidle' });
         |                ^
      13 |   });
      14 |
      15 |   test('should display reports page with heading', async ({ page }) => {
        at C:\Users\Eli\Documents\git\tests\e2e\reports.spec.ts:12:16

    attachment #1: screenshot (image/png) ──────────────────────────────────────────────────────────
    test-results\reports-Reports-should-show-loading-state-mobile-safari\test-failed-1.png
    ────────────────────────────────────────────────────────────────────────────────────────────────

    attachment #2: video (video/webm) ──────────────────────────────────────────────────────────────
    test-results\reports-Reports-should-show-loading-state-mobile-safari\video.webm
    ────────────────────────────────────────────────────────────────────────────────────────────────

  87) [tablet] › tests\e2e\analytics.spec.ts:15:3 › Analytics › should display analytics page with heading 

    Error: [2mexpect([22m[31mlocator[39m[2m).[22mtoBeVisible[2m([22m[2m)[22m failed

    Locator: locator('h1:has-text("Predictive Analytics")')
    Expected: visible
    Timeout: 10000ms
    Error: element(s) not found

    Call log:
    [2m  - Expect "toBeVisible" with timeout 10000ms[22m
    [2m  - waiting for locator('h1:has-text("Predictive Analytics")')[22m


      15 |   test('should display analytics page with heading', async ({ page }) => {
      16 |     // Check page heading
    > 17 |     await expect(page.locator('h1:has-text("Predictive Analytics")')).toBeVisible({ timeout: 10000 });
         |                                                                       ^
      18 |   });
      19 |
      20 |   test('should show project selector when no project selected', async ({ page }) => {
        at C:\Users\Eli\Documents\git\tests\e2e\analytics.spec.ts:17:71

    attachment #1: video (video/webm) ──────────────────────────────────────────────────────────────
    test-results\analytics-Analytics-should-88c50-analytics-page-with-heading-tablet\video.webm
    ────────────────────────────────────────────────────────────────────────────────────────────────

    Error Context: test-results\analytics-Analytics-should-88c50-analytics-page-with-heading-tablet\error-context.md

  88) [tablet] › tests\e2e\analytics.spec.ts:20:3 › Analytics › should show project selector when no project selected 

    Error: [2mexpect([22m[31mlocator[39m[2m).[22mtoBeVisible[2m([22m[2m)[22m failed

    Locator: locator('text="Select a Project"')
    Expected: visible
    Timeout: 5000ms
    Error: element(s) not found

    Call log:
    [2m  - Expect "toBeVisible" with timeout 5000ms[22m
    [2m  - waiting for locator('text="Select a Project"')[22m


      20 |   test('should show project selector when no project selected', async ({ page }) => {
      21 |     // Check for Select a Project heading
    > 22 |     await expect(page.locator('text="Select a Project"')).toBeVisible();
         |                                                           ^
      23 |   });
      24 |
      25 |   test('should show analytics icon', async ({ page }) => {
        at C:\Users\Eli\Documents\git\tests\e2e\analytics.spec.ts:22:59

    attachment #1: video (video/webm) ──────────────────────────────────────────────────────────────
    test-results\analytics-Analytics-should-5e50b-or-when-no-project-selected-tablet\video.webm
    ────────────────────────────────────────────────────────────────────────────────────────────────

    Error Context: test-results\analytics-Analytics-should-5e50b-or-when-no-project-selected-tablet\error-context.md

  89) [tablet] › tests\e2e\analytics.spec.ts:25:3 › Analytics › should show analytics icon ─────────

    Error: [2mexpect([22m[31mlocator[39m[2m).[22mtoBeVisible[2m([22m[2m)[22m failed

    Locator: locator('text="📊"')
    Expected: visible
    Timeout: 5000ms
    Error: element(s) not found

    Call log:
    [2m  - Expect "toBeVisible" with timeout 5000ms[22m
    [2m  - waiting for locator('text="📊"')[22m


      25 |   test('should show analytics icon', async ({ page }) => {
      26 |     // Check for analytics icon (emoji)
    > 27 |     await expect(page.locator('text="📊"')).toBeVisible();
         |                                             ^
      28 |   });
      29 |
      30 |   test('should show project description text', async ({ page }) => {
        at C:\Users\Eli\Documents\git\tests\e2e\analytics.spec.ts:27:45

    attachment #1: video (video/webm) ──────────────────────────────────────────────────────────────
    test-results\analytics-Analytics-should-show-analytics-icon-tablet\video.webm
    ────────────────────────────────────────────────────────────────────────────────────────────────

  90) [tablet] › tests\e2e\analytics.spec.ts:30:3 › Analytics › should show project description text 

    Error: [2mexpect([22m[31mlocator[39m[2m).[22mtoBeVisible[2m([22m[2m)[22m failed

    Locator: locator('text="Choose a project to view its predictive analytics dashboard"')
    Expected: visible
    Timeout: 5000ms
    Error: element(s) not found

    Call log:
    [2m  - Expect "toBeVisible" with timeout 5000ms[22m
    [2m  - waiting for locator('text="Choose a project to view its predictive analytics dashboard"')[22m


      30 |   test('should show project description text', async ({ page }) => {
      31 |     // Check for description
    > 32 |     await expect(page.locator('text="Choose a project to view its predictive analytics dashboard"')).toBeVisible();
         |                                                                                                      ^
      33 |   });
      34 |
      35 |   test('should show project links when projects exist', async ({ page }) => {
        at C:\Users\Eli\Documents\git\tests\e2e\analytics.spec.ts:32:102

    attachment #1: video (video/webm) ──────────────────────────────────────────────────────────────
    test-results\analytics-Analytics-should-show-project-description-text-tablet\video.webm
    ────────────────────────────────────────────────────────────────────────────────────────────────

  91) [tablet] › tests\e2e\analytics.spec.ts:35:3 › Analytics › should show project links when projects exist 

    Error: [2mexpect([22m[31mreceived[39m[2m).[22mtoBeTruthy[2m()[22m

    Received: [31mfalse[39m

      41 |     const hasNoProjects = await page.locator('text="No projects available"').isVisible({ timeout: 2000 }).catch(() => false);
      42 |
    > 43 |     expect(hasProjectLinks || hasNoProjects).toBeTruthy();
         |                                              ^
      44 |   });
      45 |
      46 |   test('should navigate to project analytics', async ({ page }) => {
        at C:\Users\Eli\Documents\git\tests\e2e\analytics.spec.ts:43:46

    attachment #1: screenshot (image/png) ──────────────────────────────────────────────────────────
    test-results\analytics-Analytics-should-de75b-t-links-when-projects-exist-tablet\test-failed-1.png
    ────────────────────────────────────────────────────────────────────────────────────────────────

    attachment #2: video (video/webm) ──────────────────────────────────────────────────────────────
    test-results\analytics-Analytics-should-de75b-t-links-when-projects-exist-tablet\video.webm
    ────────────────────────────────────────────────────────────────────────────────────────────────

    Error Context: test-results\analytics-Analytics-should-de75b-t-links-when-projects-exist-tablet\error-context.md

  92) [tablet] › tests\e2e\analytics.spec.ts:46:3 › Analytics › should navigate to project analytics 

    TimeoutError: page.goto: Timeout 15000ms exceeded.
    Call log:
    [2m  - navigating to "http://localhost:5173/analytics", waiting until "networkidle"[22m


      10 |
      11 |   test.beforeEach(async ({ page }) => {
    > 12 |     await page.goto('/analytics', { waitUntil: 'networkidle' });
         |                ^
      13 |   });
      14 |
      15 |   test('should display analytics page with heading', async ({ page }) => {
        at C:\Users\Eli\Documents\git\tests\e2e\analytics.spec.ts:12:16

    Error Context: test-results\analytics-Analytics-should-navigate-to-project-analytics-tablet\error-context.md

  93) [tablet] › tests\e2e\analytics.spec.ts:62:3 › Analytics › should show loading state ──────────

    [31mTest timeout of 30000ms exceeded.[39m

    Error: [2mexpect([22m[31mlocator[39m[2m).[22mtoBeVisible[2m([22m[2m)[22m failed

    Locator: locator('main, .container')
    Expected: visible
    Timeout: 10000ms
    Error: element(s) not found

    Call log:
    [2m  - Expect "toBeVisible" with timeout 10000ms[22m
    [2m  - waiting for locator('main, .container')[22m


      65 |
      66 |     // Either loading or content should appear
    > 67 |     await expect(page.locator('main, .container')).toBeVisible({ timeout: 10000 });
         |                                                    ^
      68 |   });
      69 | });
      70 |
        at C:\Users\Eli\Documents\git\tests\e2e\analytics.spec.ts:67:52

    attachment #1: screenshot (image/png) ──────────────────────────────────────────────────────────
    test-results\analytics-Analytics-should-show-loading-state-tablet\test-failed-1.png
    ────────────────────────────────────────────────────────────────────────────────────────────────

    attachment #2: video (video/webm) ──────────────────────────────────────────────────────────────
    test-results\analytics-Analytics-should-show-loading-state-tablet\video.webm
    ────────────────────────────────────────────────────────────────────────────────────────────────

    Error Context: test-results\analytics-Analytics-should-show-loading-state-tablet\error-context.md

  94) [tablet] › tests\e2e\reports.spec.ts:15:3 › Reports › should display reports page with heading 

    [31mTest timeout of 30000ms exceeded.[39m

    Error: [2mexpect([22m[31mlocator[39m[2m).[22mtoBeVisible[2m([22m[2m)[22m failed

    Locator: locator('h1:has-text("Reports & Analytics")')
    Expected: visible
    Error: element(s) not found

    Call log:
    [2m  - Expect "toBeVisible" with timeout 10000ms[22m
    [2m  - waiting for locator('h1:has-text("Reports & Analytics")')[22m


      15 |   test('should display reports page with heading', async ({ page }) => {
      16 |     // Check page heading
    > 17 |     await expect(page.locator('h1:has-text("Reports & Analytics")')).toBeVisible({ timeout: 10000 });
         |                                                                      ^
      18 |   });
      19 |
      20 |   test('should show page description', async ({ page }) => {
        at C:\Users\Eli\Documents\git\tests\e2e\reports.spec.ts:17:70

    attachment #1: screenshot (image/png) ──────────────────────────────────────────────────────────
    test-results\reports-Reports-should-display-reports-page-with-heading-tablet\test-failed-1.png
    ────────────────────────────────────────────────────────────────────────────────────────────────

    attachment #2: video (video/webm) ──────────────────────────────────────────────────────────────
    test-results\reports-Reports-should-display-reports-page-with-heading-tablet\video.webm
    ────────────────────────────────────────────────────────────────────────────────────────────────

    Error Context: test-results\reports-Reports-should-display-reports-page-with-heading-tablet\error-context.md

  95) [tablet] › tests\e2e\reports.spec.ts:20:3 › Reports › should show page description ───────────

    Error: [2mexpect([22m[31mlocator[39m[2m).[22mtoBeVisible[2m([22m[2m)[22m failed

    Locator: locator('text="Generate and view project reports"')
    Expected: visible
    Timeout: 5000ms
    Error: element(s) not found

    Call log:
    [2m  - Expect "toBeVisible" with timeout 5000ms[22m
    [2m  - waiting for locator('text="Generate and view project reports"')[22m


      20 |   test('should show page description', async ({ page }) => {
      21 |     // Check page description
    > 22 |     await expect(page.locator('text="Generate and view project reports"')).toBeVisible();
         |                                                                            ^
      23 |   });
      24 |
      25 |   test('should show Select Report card', async ({ page }) => {
        at C:\Users\Eli\Documents\git\tests\e2e\reports.spec.ts:22:76

    attachment #1: screenshot (image/png) ──────────────────────────────────────────────────────────
    test-results\reports-Reports-should-show-page-description-tablet\test-failed-1.png
    ────────────────────────────────────────────────────────────────────────────────────────────────

    attachment #2: video (video/webm) ──────────────────────────────────────────────────────────────
    test-results\reports-Reports-should-show-page-description-tablet\video.webm
    ────────────────────────────────────────────────────────────────────────────────────────────────

  96) [tablet] › tests\e2e\reports.spec.ts:25:3 › Reports › should show Select Report card ─────────

    [31mTest timeout of 30000ms exceeded while running "beforeEach" hook.[39m

       9 |   test.use({ storageState: 'tests/e2e/.auth/user.json' });
      10 |
    > 11 |   test.beforeEach(async ({ page }) => {
         |        ^
      12 |     await page.goto('/reports', { waitUntil: 'networkidle' });
      13 |   });
      14 |
        at C:\Users\Eli\Documents\git\tests\e2e\reports.spec.ts:11:8

    Error: page.goto: Test timeout of 30000ms exceeded.
    Call log:
    [2m  - navigating to "http://localhost:5173/reports", waiting until "networkidle"[22m


      10 |
      11 |   test.beforeEach(async ({ page }) => {
    > 12 |     await page.goto('/reports', { waitUntil: 'networkidle' });
         |                ^
      13 |   });
      14 |
      15 |   test('should display reports page with heading', async ({ page }) => {
        at C:\Users\Eli\Documents\git\tests\e2e\reports.spec.ts:12:16

    attachment #1: screenshot (image/png) ──────────────────────────────────────────────────────────
    test-results\reports-Reports-should-show-Select-Report-card-tablet\test-failed-1.png
    ────────────────────────────────────────────────────────────────────────────────────────────────

    attachment #2: video (video/webm) ──────────────────────────────────────────────────────────────
    test-results\reports-Reports-should-show-Select-Report-card-tablet\video.webm
    ────────────────────────────────────────────────────────────────────────────────────────────────

    Error Context: test-results\reports-Reports-should-show-Select-Report-card-tablet\error-context.md

  97) [tablet] › tests\e2e\reports.spec.ts:30:3 › Reports › should show report type dropdown ───────

    Error: [2mexpect([22m[31mlocator[39m[2m).[22mtoBeVisible[2m([22m[2m)[22m failed

    Locator: locator('text="Report Type"')
    Expected: visible
    Timeout: 5000ms
    Error: element(s) not found

    Call log:
    [2m  - Expect "toBeVisible" with timeout 5000ms[22m
    [2m  - waiting for locator('text="Report Type"')[22m


      30 |   test('should show report type dropdown', async ({ page }) => {
      31 |     // Check for Report Type label
    > 32 |     await expect(page.locator('text="Report Type"')).toBeVisible();
         |                                                      ^
      33 |
      34 |     // Check for select dropdown with report options
      35 |     const reportSelect = page.locator('select').filter({ has: page.locator('option:has-text("Project Health Dashboard")') });
        at C:\Users\Eli\Documents\git\tests\e2e\reports.spec.ts:32:54

    attachment #1: video (video/webm) ──────────────────────────────────────────────────────────────
    test-results\reports-Reports-should-show-report-type-dropdown-tablet\video.webm
    ────────────────────────────────────────────────────────────────────────────────────────────────

  98) [tablet] › tests\e2e\reports.spec.ts:39:3 › Reports › should show project input ──────────────

    Error: [2mexpect([22m[31mlocator[39m[2m).[22mtoBeVisible[2m([22m[2m)[22m failed

    Locator: locator('text="Project (Optional)"')
    Expected: visible
    Timeout: 5000ms
    Error: element(s) not found

    Call log:
    [2m  - Expect "toBeVisible" with timeout 5000ms[22m
    [2m  - waiting for locator('text="Project (Optional)"')[22m


      39 |   test('should show project input', async ({ page }) => {
      40 |     // Check for Project input
    > 41 |     await expect(page.locator('text="Project (Optional)"')).toBeVisible();
         |                                                             ^
      42 |
      43 |     // Check for input field
      44 |     const projectInput = page.locator('input[placeholder*="Enter project ID"]');
        at C:\Users\Eli\Documents\git\tests\e2e\reports.spec.ts:41:61

    attachment #1: screenshot (image/png) ──────────────────────────────────────────────────────────
    test-results\reports-Reports-should-show-project-input-tablet\test-failed-1.png
    ────────────────────────────────────────────────────────────────────────────────────────────────

    attachment #2: video (video/webm) ──────────────────────────────────────────────────────────────
    test-results\reports-Reports-should-show-project-input-tablet\video.webm
    ────────────────────────────────────────────────────────────────────────────────────────────────

    Error Context: test-results\reports-Reports-should-show-project-input-tablet\error-context.md

  99) [tablet] › tests\e2e\reports.spec.ts:48:3 › Reports › should show action buttons ─────────────

    Error: [2mexpect([22m[31mlocator[39m[2m).[22mtoBeVisible[2m([22m[2m)[22m failed

    Locator: locator('button:has-text("Print")')
    Expected: visible
    Timeout: 5000ms
    Error: element(s) not found

    Call log:
    [2m  - Expect "toBeVisible" with timeout 5000ms[22m
    [2m  - waiting for locator('button:has-text("Print")')[22m


      49 |     // Check for Print button
      50 |     const printBtn = page.locator('button:has-text("Print")');
    > 51 |     await expect(printBtn).toBeVisible();
         |                            ^
      52 |
      53 |     // Check for Export PDF button
      54 |     const exportBtn = page.locator('button:has-text("Export PDF")');
        at C:\Users\Eli\Documents\git\tests\e2e\reports.spec.ts:51:28

    attachment #1: screenshot (image/png) ──────────────────────────────────────────────────────────
    test-results\reports-Reports-should-show-action-buttons-tablet\test-failed-1.png
    ────────────────────────────────────────────────────────────────────────────────────────────────

    attachment #2: video (video/webm) ──────────────────────────────────────────────────────────────
    test-results\reports-Reports-should-show-action-buttons-tablet\video.webm
    ────────────────────────────────────────────────────────────────────────────────────────────────

    Error Context: test-results\reports-Reports-should-show-action-buttons-tablet\error-context.md

  100) [tablet] › tests\e2e\reports.spec.ts:62:3 › Reports › should show placeholder when no project selected 

    Error: [2mexpect([22m[31mlocator[39m[2m).[22mtoBeVisible[2m([22m[2m)[22m failed

    Locator: locator('text="Select a project to generate reports"')
    Expected: visible
    Timeout: 5000ms
    Error: element(s) not found

    Call log:
    [2m  - Expect "toBeVisible" with timeout 5000ms[22m
    [2m  - waiting for locator('text="Select a project to generate reports"')[22m


      62 |   test('should show placeholder when no project selected', async ({ page }) => {
      63 |     // Check for placeholder message
    > 64 |     await expect(page.locator('text="Select a project to generate reports"')).toBeVisible();
         |                                                                               ^
      65 |   });
      66 |
      67 |   test('should have report type options', async ({ page }) => {
        at C:\Users\Eli\Documents\git\tests\e2e\reports.spec.ts:64:79

    attachment #1: screenshot (image/png) ──────────────────────────────────────────────────────────
    test-results\reports-Reports-should-sho-66d2f-er-when-no-project-selected-tablet\test-failed-1.png
    ────────────────────────────────────────────────────────────────────────────────────────────────

    Error Context: test-results\reports-Reports-should-sho-66d2f-er-when-no-project-selected-tablet\error-context.md

  101) [tablet] › tests\e2e\reports.spec.ts:67:3 › Reports › should have report type options ───────

    Error: [2mexpect([22m[31mlocator[39m[2m).[22mtoBeVisible[2m([22m[2m)[22m failed

    Locator: locator('select').filter({ has: locator('option:has-text("Project Health Dashboard")') }).locator('option:has-text("Project Health Dashboard")')
    Expected: visible
    Timeout: 5000ms
    Error: element(s) not found

    Call log:
    [2m  - Expect "toBeVisible" with timeout 5000ms[22m
    [2m  - waiting for locator('select').filter({ has: locator('option:has-text("Project Health Dashboard")') }).locator('option:has-text("Project Health Dashboard")')[22m


      69 |
      70 |     // Check for all report type options
    > 71 |     await expect(reportSelect.locator('option:has-text("Project Health Dashboard")')).toBeVisible();
         |                                                                                       ^
      72 |     await expect(reportSelect.locator('option:has-text("Financial Summary")')).toBeVisible();
      73 |     await expect(reportSelect.locator('option:has-text("Punch List Status")')).toBeVisible();
      74 |     await expect(reportSelect.locator('option:has-text("Safety Incident Report")')).toBeVisible();
        at C:\Users\Eli\Documents\git\tests\e2e\reports.spec.ts:71:87

    attachment #1: screenshot (image/png) ──────────────────────────────────────────────────────────
    test-results\reports-Reports-should-have-report-type-options-tablet\test-failed-1.png
    ────────────────────────────────────────────────────────────────────────────────────────────────

    attachment #2: video (video/webm) ──────────────────────────────────────────────────────────────
    test-results\reports-Reports-should-have-report-type-options-tablet\video.webm
    ────────────────────────────────────────────────────────────────────────────────────────────────

    Error Context: test-results\reports-Reports-should-have-report-type-options-tablet\error-context.md

  102) [tablet] › tests\e2e\reports.spec.ts:77:3 › Reports › should change report type selection ───

    TimeoutError: locator.selectOption: Timeout 10000ms exceeded.
    Call log:
    [2m  - waiting for locator('select').filter({ has: locator('option:has-text("Project Health Dashboard")') })[22m


      79 |
      80 |     // Select Financial Summary
    > 81 |     await reportSelect.selectOption('financial');
         |                        ^
      82 |
      83 |     // Verify selection changed
      84 |     await expect(reportSelect).toHaveValue('financial');
        at C:\Users\Eli\Documents\git\tests\e2e\reports.spec.ts:81:24

    attachment #1: screenshot (image/png) ──────────────────────────────────────────────────────────
    test-results\reports-Reports-should-change-report-type-selection-tablet\test-failed-1.png
    ────────────────────────────────────────────────────────────────────────────────────────────────

    attachment #2: video (video/webm) ──────────────────────────────────────────────────────────────
    test-results\reports-Reports-should-change-report-type-selection-tablet\video.webm
    ────────────────────────────────────────────────────────────────────────────────────────────────

    Error Context: test-results\reports-Reports-should-change-report-type-selection-tablet\error-context.md

  103) [tablet] › tests\e2e\reports.spec.ts:87:3 › Reports › should enable generate button when project entered 

    Error: [2mexpect([22m[31mlocator[39m[2m).[22mtoBeDisabled[2m([22m[2m)[22m failed

    Locator: locator('button:has-text("Generate Report")')
    Expected: disabled
    Timeout: 5000ms
    Error: element(s) not found

    Call log:
    [2m  - Expect "toBeDisabled" with timeout 5000ms[22m
    [2m  - waiting for locator('button:has-text("Generate Report")')[22m


      88 |     // Generate button should be disabled initially
      89 |     const generateBtn = page.locator('button:has-text("Generate Report")');
    > 90 |     await expect(generateBtn).toBeDisabled();
         |                               ^
      91 |
      92 |     // Enter project ID
      93 |     const projectInput = page.locator('input[placeholder*="Enter project ID"]');
        at C:\Users\Eli\Documents\git\tests\e2e\reports.spec.ts:90:31

    attachment #1: screenshot (image/png) ──────────────────────────────────────────────────────────
    test-results\reports-Reports-should-ena-1b692-button-when-project-entered-tablet\test-failed-1.png
    ────────────────────────────────────────────────────────────────────────────────────────────────

  104) [tablet] › tests\e2e\reports.spec.ts:100:3 › Reports › should show loading state ────────────

    Error: [2mexpect([22m[31mlocator[39m[2m).[22mtoBeVisible[2m([22m[2m)[22m failed

    Locator: locator('main')
    Expected: visible
    Timeout: 10000ms
    Error: element(s) not found

    Call log:
    [2m  - Expect "toBeVisible" with timeout 10000ms[22m
    [2m  - waiting for locator('main')[22m


      103 |
      104 |     // Content should appear
    > 105 |     await expect(page.locator('main')).toBeVisible({ timeout: 10000 });
          |                                        ^
      106 |   });
      107 | });
      108 |
        at C:\Users\Eli\Documents\git\tests\e2e\reports.spec.ts:105:40

    attachment #1: screenshot (image/png) ──────────────────────────────────────────────────────────
    test-results\reports-Reports-should-show-loading-state-tablet\test-failed-1.png
    ────────────────────────────────────────────────────────────────────────────────────────────────

    attachment #2: video (video/webm) ──────────────────────────────────────────────────────────────
    test-results\reports-Reports-should-show-loading-state-tablet\video.webm
    ────────────────────────────────────────────────────────────────────────────────────────────────

    Error Context: test-results\reports-Reports-should-show-loading-state-tablet\error-context.md

  104 failed
    [chromium] › tests\e2e\analytics.spec.ts:15:3 › Analytics › should display analytics page with heading 
    [chromium] › tests\e2e\analytics.spec.ts:20:3 › Analytics › should show project selector when no project selected 
    [chromium] › tests\e2e\analytics.spec.ts:25:3 › Analytics › should show analytics icon ─────────
    [chromium] › tests\e2e\analytics.spec.ts:30:3 › Analytics › should show project description text 
    [chromium] › tests\e2e\analytics.spec.ts:35:3 › Analytics › should show project links when projects exist 
    [chromium] › tests\e2e\analytics.spec.ts:62:3 › Analytics › should show loading state ──────────
    [chromium] › tests\e2e\reports.spec.ts:15:3 › Reports › should display reports page with heading 
    [chromium] › tests\e2e\reports.spec.ts:20:3 › Reports › should show page description ───────────
    [chromium] › tests\e2e\reports.spec.ts:25:3 › Reports › should show Select Report card ─────────
    [chromium] › tests\e2e\reports.spec.ts:30:3 › Reports › should show report type dropdown ───────
    [chromium] › tests\e2e\reports.spec.ts:39:3 › Reports › should show project input ──────────────
    [chromium] › tests\e2e\reports.spec.ts:48:3 › Reports › should show action buttons ─────────────
    [chromium] › tests\e2e\reports.spec.ts:62:3 › Reports › should show placeholder when no project selected 
    [chromium] › tests\e2e\reports.spec.ts:67:3 › Reports › should have report type options ────────
    [chromium] › tests\e2e\reports.spec.ts:77:3 › Reports › should change report type selection ────
    [chromium] › tests\e2e\reports.spec.ts:87:3 › Reports › should enable generate button when project entered 
    [chromium] › tests\e2e\reports.spec.ts:100:3 › Reports › should show loading state ─────────────
    [firefox] › tests\e2e\analytics.spec.ts:15:3 › Analytics › should display analytics page with heading 
    [firefox] › tests\e2e\analytics.spec.ts:20:3 › Analytics › should show project selector when no project selected 
    [firefox] › tests\e2e\analytics.spec.ts:25:3 › Analytics › should show analytics icon ──────────
    [firefox] › tests\e2e\analytics.spec.ts:30:3 › Analytics › should show project description text 
    [firefox] › tests\e2e\analytics.spec.ts:35:3 › Analytics › should show project links when projects exist 
    [firefox] › tests\e2e\analytics.spec.ts:46:3 › Analytics › should navigate to project analytics 
    [firefox] › tests\e2e\analytics.spec.ts:62:3 › Analytics › should show loading state ───────────
    [firefox] › tests\e2e\reports.spec.ts:15:3 › Reports › should display reports page with heading 
    [firefox] › tests\e2e\reports.spec.ts:20:3 › Reports › should show page description ────────────
    [firefox] › tests\e2e\reports.spec.ts:25:3 › Reports › should show Select Report card ──────────
    [firefox] › tests\e2e\reports.spec.ts:30:3 › Reports › should show report type dropdown ────────
    [firefox] › tests\e2e\reports.spec.ts:39:3 › Reports › should show project input ───────────────
    [firefox] › tests\e2e\reports.spec.ts:48:3 › Reports › should show action buttons ──────────────
    [firefox] › tests\e2e\reports.spec.ts:62:3 › Reports › should show placeholder when no project selected 
    [firefox] › tests\e2e\reports.spec.ts:67:3 › Reports › should have report type options ─────────
    [firefox] › tests\e2e\reports.spec.ts:77:3 › Reports › should change report type selection ─────
    [firefox] › tests\e2e\reports.spec.ts:87:3 › Reports › should enable generate button when project entered 
    [firefox] › tests\e2e\reports.spec.ts:100:3 › Reports › should show loading state ──────────────
    [webkit] › tests\e2e\analytics.spec.ts:15:3 › Analytics › should display analytics page with heading 
    [webkit] › tests\e2e\analytics.spec.ts:20:3 › Analytics › should show project selector when no project selected 
    [webkit] › tests\e2e\analytics.spec.ts:25:3 › Analytics › should show analytics icon ───────────
    [webkit] › tests\e2e\analytics.spec.ts:30:3 › Analytics › should show project description text ─
    [webkit] › tests\e2e\analytics.spec.ts:35:3 › Analytics › should show project links when projects exist 
    [webkit] › tests\e2e\analytics.spec.ts:62:3 › Analytics › should show loading state ────────────
    [webkit] › tests\e2e\reports.spec.ts:15:3 › Reports › should display reports page with heading ─
    [webkit] › tests\e2e\reports.spec.ts:20:3 › Reports › should show page description ─────────────
    [webkit] › tests\e2e\reports.spec.ts:25:3 › Reports › should show Select Report card ───────────
    [webkit] › tests\e2e\reports.spec.ts:30:3 › Reports › should show report type dropdown ─────────
    [webkit] › tests\e2e\reports.spec.ts:39:3 › Reports › should show project input ────────────────
    [webkit] › tests\e2e\reports.spec.ts:48:3 › Reports › should show action buttons ───────────────
    [webkit] › tests\e2e\reports.spec.ts:62:3 › Reports › should show placeholder when no project selected 
    [webkit] › tests\e2e\reports.spec.ts:67:3 › Reports › should have report type options ──────────
    [webkit] › tests\e2e\reports.spec.ts:77:3 › Reports › should change report type selection ──────
    [webkit] › tests\e2e\reports.spec.ts:87:3 › Reports › should enable generate button when project entered 
    [webkit] › tests\e2e\reports.spec.ts:100:3 › Reports › should show loading state ───────────────
    [mobile-chrome] › tests\e2e\analytics.spec.ts:15:3 › Analytics › should display analytics page with heading 
    [mobile-chrome] › tests\e2e\analytics.spec.ts:20:3 › Analytics › should show project selector when no project selected 
    [mobile-chrome] › tests\e2e\analytics.spec.ts:25:3 › Analytics › should show analytics icon ────
    [mobile-chrome] › tests\e2e\analytics.spec.ts:30:3 › Analytics › should show project description text 
    [mobile-chrome] › tests\e2e\analytics.spec.ts:35:3 › Analytics › should show project links when projects exist 
    [mobile-chrome] › tests\e2e\analytics.spec.ts:62:3 › Analytics › should show loading state ─────
    [mobile-chrome] › tests\e2e\reports.spec.ts:15:3 › Reports › should display reports page with heading 
    [mobile-chrome] › tests\e2e\reports.spec.ts:20:3 › Reports › should show page description ──────
    [mobile-chrome] › tests\e2e\reports.spec.ts:25:3 › Reports › should show Select Report card ────
    [mobile-chrome] › tests\e2e\reports.spec.ts:30:3 › Reports › should show report type dropdown ──
    [mobile-chrome] › tests\e2e\reports.spec.ts:39:3 › Reports › should show project input ─────────
    [mobile-chrome] › tests\e2e\reports.spec.ts:48:3 › Reports › should show action buttons ────────
    [mobile-chrome] › tests\e2e\reports.spec.ts:62:3 › Reports › should show placeholder when no project selected 
    [mobile-chrome] › tests\e2e\reports.spec.ts:67:3 › Reports › should have report type options ───
    [mobile-chrome] › tests\e2e\reports.spec.ts:77:3 › Reports › should change report type selection 
    [mobile-chrome] › tests\e2e\reports.spec.ts:87:3 › Reports › should enable generate button when project entered 
    [mobile-chrome] › tests\e2e\reports.spec.ts:100:3 › Reports › should show loading state ────────
    [mobile-safari] › tests\e2e\analytics.spec.ts:15:3 › Analytics › should display analytics page with heading 
    [mobile-safari] › tests\e2e\analytics.spec.ts:20:3 › Analytics › should show project selector when no project selected 
    [mobile-safari] › tests\e2e\analytics.spec.ts:25:3 › Analytics › should show analytics icon ────
    [mobile-safari] › tests\e2e\analytics.spec.ts:30:3 › Analytics › should show project description text 
    [mobile-safari] › tests\e2e\analytics.spec.ts:35:3 › Analytics › should show project links when projects exist 
    [mobile-safari] › tests\e2e\analytics.spec.ts:62:3 › Analytics › should show loading state ─────
    [mobile-safari] › tests\e2e\reports.spec.ts:15:3 › Reports › should display reports page with heading 
    [mobile-safari] › tests\e2e\reports.spec.ts:20:3 › Reports › should show page description ──────
    [mobile-safari] › tests\e2e\reports.spec.ts:25:3 › Reports › should show Select Report card ────
    [mobile-safari] › tests\e2e\reports.spec.ts:30:3 › Reports › should show report type dropdown ──
    [mobile-safari] › tests\e2e\reports.spec.ts:39:3 › Reports › should show project input ─────────
    [mobile-safari] › tests\e2e\reports.spec.ts:48:3 › Reports › should show action buttons ────────
    [mobile-safari] › tests\e2e\reports.spec.ts:62:3 › Reports › should show placeholder when no project selected 
    [mobile-safari] › tests\e2e\reports.spec.ts:67:3 › Reports › should have report type options ───
    [mobile-safari] › tests\e2e\reports.spec.ts:77:3 › Reports › should change report type selection 
    [mobile-safari] › tests\e2e\reports.spec.ts:87:3 › Reports › should enable generate button when project entered 
    [mobile-safari] › tests\e2e\reports.spec.ts:100:3 › Reports › should show loading state ────────
    [tablet] › tests\e2e\analytics.spec.ts:15:3 › Analytics › should display analytics page with heading 
    [tablet] › tests\e2e\analytics.spec.ts:20:3 › Analytics › should show project selector when no project selected 
    [tablet] › tests\e2e\analytics.spec.ts:25:3 › Analytics › should show analytics icon ───────────
    [tablet] › tests\e2e\analytics.spec.ts:30:3 › Analytics › should show project description text ─
    [tablet] › tests\e2e\analytics.spec.ts:35:3 › Analytics › should show project links when projects exist 
    [tablet] › tests\e2e\analytics.spec.ts:46:3 › Analytics › should navigate to project analytics ─
    [tablet] › tests\e2e\analytics.spec.ts:62:3 › Analytics › should show loading state ────────────
    [tablet] › tests\e2e\reports.spec.ts:15:3 › Reports › should display reports page with heading ─
    [tablet] › tests\e2e\reports.spec.ts:20:3 › Reports › should show page description ─────────────
    [tablet] › tests\e2e\reports.spec.ts:25:3 › Reports › should show Select Report card ───────────
    [tablet] › tests\e2e\reports.spec.ts:30:3 › Reports › should show report type dropdown ─────────
    [tablet] › tests\e2e\reports.spec.ts:39:3 › Reports › should show project input ────────────────
    [tablet] › tests\e2e\reports.spec.ts:48:3 › Reports › should show action buttons ───────────────
    [tablet] › tests\e2e\reports.spec.ts:62:3 › Reports › should show placeholder when no project selected 
    [tablet] › tests\e2e\reports.spec.ts:67:3 › Reports › should have report type options ──────────
    [tablet] › tests\e2e\reports.spec.ts:77:3 › Reports › should change report type selection ──────
    [tablet] › tests\e2e\reports.spec.ts:87:3 › Reports › should enable generate button when project entered 
    [tablet] › tests\e2e\reports.spec.ts:100:3 › Reports › should show loading state ───────────────
  11 passed (38.0m)
